
*** Running vivado
    with args -log ZynqQWithPwm_wrapper.vds -m64 -product Vivado -mode batch -messageDb vivado.pb -notrace -source ZynqQWithPwm_wrapper.tcl



****** Vivado v2025.1 (64-bit)
  **** SW Build 6140274 on Thu May 22 00:12:29 MDT 2025
  **** IP Build 6138677 on Thu May 22 03:10:11 MDT 2025
  **** SharedData Build 6139179 on Tue May 20 17:58:58 MDT 2025
  **** Start of session at: Wed Nov 19 14:26:36 2025
    ** Copyright 1986-2022 Xilinx, Inc. All Rights Reserved.
    ** Copyright 2022-2025 Advanced Micro Devices, Inc. All Rights Reserved.

source ZynqQWithPwm_wrapper.tcl -notrace
create_project: Time (s): cpu = 00:00:08 ; elapsed = 00:00:05 . Memory (MB): peak = 511.891 ; gain = 212.855
INFO: [IP_Flow 19-234] Refreshing IP repositories
INFO: [IP_Flow 19-1700] Loaded user IP repository 'c:/EENG 484/ip_repo'.
INFO: [IP_Flow 19-2313] Loaded Vivado IP repository 'C:/Xilinx/2025.1/Vivado/data/ip'.
Command: synth_design -top ZynqQWithPwm_wrapper -part xc7z010clg400-1
Starting synth_design
Attempting to get a license for feature 'Synthesis' and/or device 'xc7z010'
INFO: [Common 17-349] Got license for feature 'Synthesis' and/or device 'xc7z010'
INFO: [Device 21-403] Loading part xc7z010clg400-1
INFO: [Synth 8-7079] Multithreading enabled for synth_design using a maximum of 2 processes.
INFO: [Synth 8-7078] Launching helper process for spawning children vivado processes
INFO: [Synth 8-7075] Helper process launched with PID 24900
---------------------------------------------------------------------------------
Starting RTL Elaboration : Time (s): cpu = 00:00:06 ; elapsed = 00:00:06 . Memory (MB): peak = 1245.930 ; gain = 491.688
---------------------------------------------------------------------------------
INFO: [Synth 8-638] synthesizing module 'ZynqQWithPwm_wrapper' [c:/EENG 484/ZynqWithPwm/ZynqWithPwm.gen/sources_1/bd/ZynqQWithPwm/hdl/ZynqQWithPwm_wrapper.vhd:43]
INFO: [Synth 8-3491] module 'ZynqQWithPwm' declared at 'c:/EENG 484/ZynqWithPwm/ZynqWithPwm.gen/sources_1/bd/ZynqQWithPwm/synth/ZynqQWithPwm.vhd:15' bound to instance 'ZynqQWithPwm_i' of component 'ZynqQWithPwm' [c:/EENG 484/ZynqWithPwm/ZynqWithPwm.gen/sources_1/bd/ZynqQWithPwm/hdl/ZynqQWithPwm_wrapper.vhd:72]
INFO: [Synth 8-638] synthesizing module 'ZynqQWithPwm' [c:/EENG 484/ZynqWithPwm/ZynqWithPwm.gen/sources_1/bd/ZynqQWithPwm/synth/ZynqQWithPwm.vhd:47]
INFO: [Synth 8-3491] module 'ZynqQWithPwm_axi_smc_0' declared at 'C:/EENG 484/ZynqWithPwm/ZynqWithPwm.runs/synth_1/.Xil/Vivado-29892-DESKTOP-BLLF4DN/realtime/ZynqQWithPwm_axi_smc_0_stub.vhdl:6' bound to instance 'axi_smc' of component 'ZynqQWithPwm_axi_smc_0' [c:/EENG 484/ZynqWithPwm/ZynqWithPwm.gen/sources_1/bd/ZynqQWithPwm/synth/ZynqQWithPwm.vhd:320]
INFO: [Synth 8-638] synthesizing module 'ZynqQWithPwm_axi_smc_0' [C:/EENG 484/ZynqWithPwm/ZynqWithPwm.runs/synth_1/.Xil/Vivado-29892-DESKTOP-BLLF4DN/realtime/ZynqQWithPwm_axi_smc_0_stub.vhdl:77]
INFO: [Synth 8-3491] module 'ZynqQWithPwm_enhancedPwmAXI_0_0' declared at 'C:/EENG 484/ZynqWithPwm/ZynqWithPwm.runs/synth_1/.Xil/Vivado-29892-DESKTOP-BLLF4DN/realtime/ZynqQWithPwm_enhancedPwmAXI_0_0_stub.vhdl:6' bound to instance 'enhancedPwmAXI_0' of component 'ZynqQWithPwm_enhancedPwmAXI_0_0' [c:/EENG 484/ZynqWithPwm/ZynqWithPwm.gen/sources_1/bd/ZynqQWithPwm/synth/ZynqQWithPwm.vhd:382]
INFO: [Synth 8-638] synthesizing module 'ZynqQWithPwm_enhancedPwmAXI_0_0' [C:/EENG 484/ZynqWithPwm/ZynqWithPwm.runs/synth_1/.Xil/Vivado-29892-DESKTOP-BLLF4DN/realtime/ZynqQWithPwm_enhancedPwmAXI_0_0_stub.vhdl:42]
INFO: [Synth 8-3491] module 'ZynqQWithPwm_processing_system7_0_0' declared at 'C:/EENG 484/ZynqWithPwm/ZynqWithPwm.runs/synth_1/.Xil/Vivado-29892-DESKTOP-BLLF4DN/realtime/ZynqQWithPwm_processing_system7_0_0_stub.vhdl:6' bound to instance 'processing_system7_0' of component 'ZynqQWithPwm_processing_system7_0_0' [c:/EENG 484/ZynqWithPwm/ZynqWithPwm.gen/sources_1/bd/ZynqQWithPwm/synth/ZynqQWithPwm.vhd:409]
INFO: [Synth 8-638] synthesizing module 'ZynqQWithPwm_processing_system7_0_0' [C:/EENG 484/ZynqWithPwm/ZynqWithPwm.runs/synth_1/.Xil/Vivado-29892-DESKTOP-BLLF4DN/realtime/ZynqQWithPwm_processing_system7_0_0_stub.vhdl:84]
INFO: [Synth 8-3491] module 'ZynqQWithPwm_rst_ps7_0_50M_0' declared at 'C:/EENG 484/ZynqWithPwm/ZynqWithPwm.runs/synth_1/.Xil/Vivado-29892-DESKTOP-BLLF4DN/realtime/ZynqQWithPwm_rst_ps7_0_50M_0_stub.vhdl:6' bound to instance 'rst_ps7_0_50M' of component 'ZynqQWithPwm_rst_ps7_0_50M_0' [c:/EENG 484/ZynqWithPwm/ZynqWithPwm.gen/sources_1/bd/ZynqQWithPwm/synth/ZynqQWithPwm.vhd:478]
INFO: [Synth 8-638] synthesizing module 'ZynqQWithPwm_rst_ps7_0_50M_0' [C:/EENG 484/ZynqWithPwm/ZynqWithPwm.runs/synth_1/.Xil/Vivado-29892-DESKTOP-BLLF4DN/realtime/ZynqQWithPwm_rst_ps7_0_50M_0_stub.vhdl:28]
INFO: [Synth 8-256] done synthesizing module 'ZynqQWithPwm' (0#1) [c:/EENG 484/ZynqWithPwm/ZynqWithPwm.gen/sources_1/bd/ZynqQWithPwm/synth/ZynqQWithPwm.vhd:47]
INFO: [Synth 8-256] done synthesizing module 'ZynqQWithPwm_wrapper' (0#1) [c:/EENG 484/ZynqWithPwm/ZynqWithPwm.gen/sources_1/bd/ZynqQWithPwm/hdl/ZynqQWithPwm_wrapper.vhd:43]
---------------------------------------------------------------------------------
Finished RTL Elaboration : Time (s): cpu = 00:00:08 ; elapsed = 00:00:08 . Memory (MB): peak = 1361.027 ; gain = 606.785
---------------------------------------------------------------------------------
---------------------------------------------------------------------------------
Start Handling Custom Attributes
---------------------------------------------------------------------------------
---------------------------------------------------------------------------------
Finished Handling Custom Attributes : Time (s): cpu = 00:00:08 ; elapsed = 00:00:08 . Memory (MB): peak = 1361.027 ; gain = 606.785
---------------------------------------------------------------------------------
---------------------------------------------------------------------------------
Finished RTL Optimization Phase 1 : Time (s): cpu = 00:00:08 ; elapsed = 00:00:08 . Memory (MB): peak = 1361.027 ; gain = 606.785
---------------------------------------------------------------------------------
Netlist sorting complete. Time (s): cpu = 00:00:00 ; elapsed = 00:00:00.005 . Memory (MB): peak = 1361.027 ; gain = 0.000
INFO: [Project 1-570] Preparing netlist for logic optimization

Processing XDC Constraints
Initializing timing engine
Parsing XDC File [c:/EENG 484/ZynqWithPwm/ZynqWithPwm.gen/sources_1/bd/ZynqQWithPwm/ip/ZynqQWithPwm_enhancedPwmAXI_0_0/ZynqQWithPwm_enhancedPwmAXI_0_0/ZynqQWithPwm_enhancedPwmAXI_0_0_in_context.xdc] for cell 'ZynqQWithPwm_i/enhancedPwmAXI_0'
Finished Parsing XDC File [c:/EENG 484/ZynqWithPwm/ZynqWithPwm.gen/sources_1/bd/ZynqQWithPwm/ip/ZynqQWithPwm_enhancedPwmAXI_0_0/ZynqQWithPwm_enhancedPwmAXI_0_0/ZynqQWithPwm_enhancedPwmAXI_0_0_in_context.xdc] for cell 'ZynqQWithPwm_i/enhancedPwmAXI_0'
Parsing XDC File [c:/EENG 484/ZynqWithPwm/ZynqWithPwm.gen/sources_1/bd/ZynqQWithPwm/ip/ZynqQWithPwm_processing_system7_0_0/ZynqQWithPwm_processing_system7_0_0/ZynqQWithPwm_processing_system7_0_0_in_context.xdc] for cell 'ZynqQWithPwm_i/processing_system7_0'
Finished Parsing XDC File [c:/EENG 484/ZynqWithPwm/ZynqWithPwm.gen/sources_1/bd/ZynqQWithPwm/ip/ZynqQWithPwm_processing_system7_0_0/ZynqQWithPwm_processing_system7_0_0/ZynqQWithPwm_processing_system7_0_0_in_context.xdc] for cell 'ZynqQWithPwm_i/processing_system7_0'
Parsing XDC File [c:/EENG 484/ZynqWithPwm/ZynqWithPwm.gen/sources_1/bd/ZynqQWithPwm/ip/ZynqQWithPwm_axi_smc_0/ZynqQWithPwm_axi_smc_0/ZynqQWithPwm_axi_smc_0_in_context.xdc] for cell 'ZynqQWithPwm_i/axi_smc'
Finished Parsing XDC File [c:/EENG 484/ZynqWithPwm/ZynqWithPwm.gen/sources_1/bd/ZynqQWithPwm/ip/ZynqQWithPwm_axi_smc_0/ZynqQWithPwm_axi_smc_0/ZynqQWithPwm_axi_smc_0_in_context.xdc] for cell 'ZynqQWithPwm_i/axi_smc'
Parsing XDC File [c:/EENG 484/ZynqWithPwm/ZynqWithPwm.gen/sources_1/bd/ZynqQWithPwm/ip/ZynqQWithPwm_rst_ps7_0_50M_0/ZynqQWithPwm_rst_ps7_0_50M_0/ZynqQWithPwm_rst_ps7_0_50M_0_in_context.xdc] for cell 'ZynqQWithPwm_i/rst_ps7_0_50M'
Finished Parsing XDC File [c:/EENG 484/ZynqWithPwm/ZynqWithPwm.gen/sources_1/bd/ZynqQWithPwm/ip/ZynqQWithPwm_rst_ps7_0_50M_0/ZynqQWithPwm_rst_ps7_0_50M_0/ZynqQWithPwm_rst_ps7_0_50M_0_in_context.xdc] for cell 'ZynqQWithPwm_i/rst_ps7_0_50M'
Parsing XDC File [C:/EENG 484/ZynqWithPwm/ZynqWithPwm.srcs/constrs_1/new/ZynqWithPwm.xdc]
Finished Parsing XDC File [C:/EENG 484/ZynqWithPwm/ZynqWithPwm.srcs/constrs_1/new/ZynqWithPwm.xdc]
INFO: [Project 1-236] Implementation specific constraints were found while reading constraint file [C:/EENG 484/ZynqWithPwm/ZynqWithPwm.srcs/constrs_1/new/ZynqWithPwm.xdc]. These constraints will be ignored for synthesis but will be used in implementation. Impacted constraints are listed in the file [.Xil/ZynqQWithPwm_wrapper_propImpl.xdc].
Resolution: To avoid this warning, move constraints listed in [.Xil/ZynqQWithPwm_wrapper_propImpl.xdc] to another XDC file and exclude this new file from synthesis with the used_in_synthesis property (File Properties dialog in GUI) and re-run elaboration/synthesis.
Parsing XDC File [C:/EENG 484/ZynqWithPwm/ZynqWithPwm.runs/synth_1/dont_touch.xdc]
Finished Parsing XDC File [C:/EENG 484/ZynqWithPwm/ZynqWithPwm.runs/synth_1/dont_touch.xdc]
Completed Processing XDC Constraints

Netlist sorting complete. Time (s): cpu = 00:00:00 ; elapsed = 00:00:00 . Memory (MB): peak = 1384.543 ; gain = 0.000
INFO: [Project 1-111] Unisim Transformation Summary:
No Unisim elements were transformed.

Constraint Validation Runtime : Time (s): cpu = 00:00:00 ; elapsed = 00:00:00.009 . Memory (MB): peak = 1384.543 ; gain = 0.000
---------------------------------------------------------------------------------
Finished Constraint Validation : Time (s): cpu = 00:00:16 ; elapsed = 00:00:17 . Memory (MB): peak = 1384.543 ; gain = 630.301
---------------------------------------------------------------------------------
---------------------------------------------------------------------------------
Start Loading Part and Timing Information
---------------------------------------------------------------------------------
Loading part: xc7z010clg400-1
---------------------------------------------------------------------------------
Finished Loading Part and Timing Information : Time (s): cpu = 00:00:16 ; elapsed = 00:00:17 . Memory (MB): peak = 1384.543 ; gain = 630.301
---------------------------------------------------------------------------------
---------------------------------------------------------------------------------
Start Applying 'set_property' XDC Constraints
---------------------------------------------------------------------------------
---------------------------------------------------------------------------------
Finished applying 'set_property' XDC Constraints : Time (s): cpu = 00:00:16 ; elapsed = 00:00:17 . Memory (MB): peak = 1384.543 ; gain = 630.301
---------------------------------------------------------------------------------
---------------------------------------------------------------------------------
Finished RTL Optimization Phase 2 : Time (s): cpu = 00:00:16 ; elapsed = 00:00:17 . Memory (MB): peak = 1384.543 ; gain = 630.301
---------------------------------------------------------------------------------
---------------------------------------------------------------------------------
Start RTL Component Statistics 
---------------------------------------------------------------------------------
Detailed RTL Component Info : 
---------------------------------------------------------------------------------
Finished RTL Component Statistics 
---------------------------------------------------------------------------------
---------------------------------------------------------------------------------
Start Part Resource Summary
---------------------------------------------------------------------------------
Part Resources:
DSPs: 80 (col length:40)
BRAMs: 120 (col length: RAMB18 40 RAMB36 20)
---------------------------------------------------------------------------------
Finished Part Resource Summary
---------------------------------------------------------------------------------
---------------------------------------------------------------------------------
Start Cross Boundary and Area Optimization
---------------------------------------------------------------------------------
WARNING: [Synth 8-7080] Parallel synthesis criteria is not met
---------------------------------------------------------------------------------
Finished Cross Boundary and Area Optimization : Time (s): cpu = 00:00:18 ; elapsed = 00:00:19 . Memory (MB): peak = 1384.543 ; gain = 630.301
---------------------------------------------------------------------------------
---------------------------------------------------------------------------------
Start Applying XDC Timing Constraints
---------------------------------------------------------------------------------
---------------------------------------------------------------------------------
Finished Applying XDC Timing Constraints : Time (s): cpu = 00:00:24 ; elapsed = 00:00:25 . Memory (MB): peak = 1549.730 ; gain = 795.488
---------------------------------------------------------------------------------
---------------------------------------------------------------------------------
Start Timing Optimization
---------------------------------------------------------------------------------
---------------------------------------------------------------------------------
Finished Timing Optimization : Time (s): cpu = 00:00:24 ; elapsed = 00:00:25 . Memory (MB): peak = 1549.879 ; gain = 795.637
---------------------------------------------------------------------------------
---------------------------------------------------------------------------------
Start Technology Mapping
---------------------------------------------------------------------------------
---------------------------------------------------------------------------------
Finished Technology Mapping : Time (s): cpu = 00:00:24 ; elapsed = 00:00:25 . Memory (MB): peak = 1559.824 ; gain = 805.582
---------------------------------------------------------------------------------
---------------------------------------------------------------------------------
Start IO Insertion
---------------------------------------------------------------------------------
---------------------------------------------------------------------------------
Start Flattening Before IO Insertion
---------------------------------------------------------------------------------
---------------------------------------------------------------------------------
Finished Flattening Before IO Insertion
---------------------------------------------------------------------------------
---------------------------------------------------------------------------------
Start Final Netlist Cleanup
---------------------------------------------------------------------------------
---------------------------------------------------------------------------------
Finished Final Netlist Cleanup
---------------------------------------------------------------------------------
---------------------------------------------------------------------------------
Finished IO Insertion : Time (s): cpu = 00:00:30 ; elapsed = 00:00:31 . Memory (MB): peak = 1794.840 ; gain = 1040.598
---------------------------------------------------------------------------------
---------------------------------------------------------------------------------
Start Renaming Generated Instances
---------------------------------------------------------------------------------
---------------------------------------------------------------------------------
Finished Renaming Generated Instances : Time (s): cpu = 00:00:30 ; elapsed = 00:00:31 . Memory (MB): peak = 1794.840 ; gain = 1040.598
---------------------------------------------------------------------------------
---------------------------------------------------------------------------------
Start Rebuilding User Hierarchy
---------------------------------------------------------------------------------
---------------------------------------------------------------------------------
Finished Rebuilding User Hierarchy : Time (s): cpu = 00:00:30 ; elapsed = 00:00:31 . Memory (MB): peak = 1794.840 ; gain = 1040.598
---------------------------------------------------------------------------------
---------------------------------------------------------------------------------
Start Renaming Generated Ports
---------------------------------------------------------------------------------
---------------------------------------------------------------------------------
Finished Renaming Generated Ports : Time (s): cpu = 00:00:30 ; elapsed = 00:00:31 . Memory (MB): peak = 1794.840 ; gain = 1040.598
---------------------------------------------------------------------------------
---------------------------------------------------------------------------------
Start Handling Custom Attributes
---------------------------------------------------------------------------------
---------------------------------------------------------------------------------
Finished Handling Custom Attributes : Time (s): cpu = 00:00:30 ; elapsed = 00:00:31 . Memory (MB): peak = 1794.840 ; gain = 1040.598
---------------------------------------------------------------------------------
---------------------------------------------------------------------------------
Start Renaming Generated Nets
---------------------------------------------------------------------------------
---------------------------------------------------------------------------------
Finished Renaming Generated Nets : Time (s): cpu = 00:00:30 ; elapsed = 00:00:31 . Memory (MB): peak = 1794.840 ; gain = 1040.598
---------------------------------------------------------------------------------
---------------------------------------------------------------------------------
Start Writing Synthesis Report
---------------------------------------------------------------------------------

Report BlackBoxes: 
+------+------------------------------------+----------+
|      |BlackBox name                       |Instances |
+------+------------------------------------+----------+
|1     |ZynqQWithPwm_axi_smc_0              |         1|
|2     |ZynqQWithPwm_enhancedPwmAXI_0_0     |         1|
|3     |ZynqQWithPwm_processing_system7_0_0 |         1|
|4     |ZynqQWithPwm_rst_ps7_0_50M_0        |         1|
+------+------------------------------------+----------+

Report Cell Usage: 
+------+-----------------------------------------+------+
|      |Cell                                     |Count |
+------+-----------------------------------------+------+
|1     |ZynqQWithPwm_axi_smc_0_bbox              |     1|
|2     |ZynqQWithPwm_enhancedPwmAXI_0_0_bbox     |     1|
|3     |ZynqQWithPwm_processing_system7_0_0_bbox |     1|
|4     |ZynqQWithPwm_rst_ps7_0_50M_0_bbox        |     1|
|5     |IBUF                                     |     1|
|6     |OBUF                                     |     1|
+------+-----------------------------------------+------+
---------------------------------------------------------------------------------
Finished Writing Synthesis Report : Time (s): cpu = 00:00:30 ; elapsed = 00:00:31 . Memory (MB): peak = 1794.840 ; gain = 1040.598
---------------------------------------------------------------------------------
Synthesis finished with 0 errors, 0 critical warnings and 1 warnings.
Synthesis Optimization Runtime : Time (s): cpu = 00:00:20 ; elapsed = 00:00:29 . Memory (MB): peak = 1794.840 ; gain = 1017.082
Synthesis Optimization Complete : Time (s): cpu = 00:00:30 ; elapsed = 00:00:31 . Memory (MB): peak = 1794.840 ; gain = 1040.598
INFO: [Project 1-571] Translating synthesized netlist
Netlist sorting complete. Time (s): cpu = 00:00:00 ; elapsed = 00:00:00.005 . Memory (MB): peak = 1803.945 ; gain = 0.000
INFO: [Project 1-570] Preparing netlist for logic optimization
INFO: [Opt 31-138] Pushed 0 inverter(s) to 0 load pin(s).
Netlist sorting complete. Time (s): cpu = 00:00:00 ; elapsed = 00:00:00 . Memory (MB): peak = 1807.609 ; gain = 0.000
INFO: [Project 1-111] Unisim Transformation Summary:
No Unisim elements were transformed.

Synth Design complete | Checksum: a2c1e86
INFO: [Common 17-83] Releasing license: Synthesis
29 Infos, 1 Warnings, 0 Critical Warnings and 0 Errors encountered.
synth_design completed successfully
synth_design: Time (s): cpu = 00:00:34 ; elapsed = 00:00:38 . Memory (MB): peak = 1807.609 ; gain = 1287.941
Write ShapeDB Complete: Time (s): cpu = 00:00:00 ; elapsed = 00:00:00.001 . Memory (MB): peak = 1807.609 ; gain = 0.000
INFO: [Common 17-1381] The checkpoint 'C:/EENG 484/ZynqWithPwm/ZynqWithPwm.runs/synth_1/ZynqQWithPwm_wrapper.dcp' has been generated.
INFO: [Vivado 12-24828] Executing command : report_utilization -file ZynqQWithPwm_wrapper_utilization_synth.rpt -pb ZynqQWithPwm_wrapper_utilization_synth.pb
INFO: [Common 17-206] Exiting Vivado at Wed Nov 19 14:27:26 2025...
