Copyright 1986-2022 Xilinx, Inc. All Rights Reserved. Copyright 2022-2023 Advanced Micro Devices, Inc. All Rights Reserved.
---------------------------------------------------------------------------------------------------------------------------------------------
| Tool Version : Vivado v.2023.1 (win64) Build 3865809 Sun May  7 15:05:29 MDT 2023
| Date         : Sun Nov  9 23:20:43 2025
| Host         : DESKTOP-BLLF4DN running 64-bit major release  (build 9200)
| Command      : report_control_sets -verbose -file acquireToHDMI_control_sets_placed.rpt
| Design       : acquireToHDMI
| Device       : xc7z010
---------------------------------------------------------------------------------------------------------------------------------------------

Control Set Information

Table of Contents
-----------------
1. Summary
2. Histogram
3. Flip-Flop Distribution
4. Detailed Control Set Information

1. Summary
----------

+----------------------------------------------------------+-------+
|                          Status                          | Count |
+----------------------------------------------------------+-------+
| Total control sets                                       |    12 |
|    Minimum number of control sets                        |    12 |
|    Addition due to synthesis replication                 |     0 |
|    Addition due to physical synthesis replication        |     0 |
| Unused register locations in slices containing registers |    42 |
+----------------------------------------------------------+-------+
* Control sets can be merged at opt_design using control_set_merge or merge_equivalent_drivers
** Run report_qor_suggestions for automated merging and remapping suggestions


2. Histogram
------------

+--------------------+-------+
|       Fanout       | Count |
+--------------------+-------+
| Total control sets |    12 |
| >= 0 to < 4        |     0 |
| >= 4 to < 6        |     1 |
| >= 6 to < 8        |     0 |
| >= 8 to < 10       |     0 |
| >= 10 to < 12      |     6 |
| >= 12 to < 14      |     0 |
| >= 14 to < 16      |     0 |
| >= 16              |     5 |
+--------------------+-------+
* Control sets can be remapped at either synth_design or opt_design


3. Flip-Flop Distribution
-------------------------

+--------------+-----------------------+------------------------+-----------------+--------------+
| Clock Enable | Synchronous Set/Reset | Asynchronous Set/Reset | Total Registers | Total Slices |
+--------------+-----------------------+------------------------+-----------------+--------------+
| No           | No                    | No                     |              88 |           26 |
| No           | No                    | Yes                    |              42 |           23 |
| No           | Yes                   | No                     |              92 |           33 |
| Yes          | No                    | No                     |               0 |            0 |
| Yes          | No                    | Yes                    |               0 |            0 |
| Yes          | Yes                   | No                     |             112 |           35 |
+--------------+-----------------------+------------------------+-----------------+--------------+


4. Detailed Control Set Information
-----------------------------------

+---------------------------------+------------------------------------------------------+--------------------------------------------------+------------------+----------------+--------------+
|           Clock Signal          |                     Enable Signal                    |                 Set/Reset Signal                 | Slice Load Count | Bel Load Count | Bels / Slice |
+---------------------------------+------------------------------------------------------+--------------------------------------------------+------------------+----------------+--------------+
|  clk_IBUF_BUFG                  | control_inst/FSM_sequential_state[4]_i_1_n_0         | datapath_inst/sampleIntervalCounter_inst/SR[0]   |                2 |              5 |         2.50 |
|  clk_IBUF_BUFG                  | control_inst/E[0]                                    | datapath_inst/sampleIntervalCounter_inst/SR[0]   |                3 |             10 |         3.33 |
|  datapath_inst/vc/inst/clk_out1 |                                                      | datapath_inst/sampleIntervalCounter_inst/SR[0]   |                8 |             11 |         1.38 |
|  datapath_inst/vc/inst/clk_out1 |                                                      | datapath_inst/videoSigGen_inst/h_cnt[10]_i_1_n_0 |                4 |             11 |         2.75 |
|  datapath_inst/vc/inst/clk_out1 | datapath_inst/videoSigGen_inst/eqOp3_in              | datapath_inst/videoSigGen_inst/v_cnt[10]_i_1_n_0 |                4 |             11 |         2.75 |
|  datapath_inst/vc/inst/clk_out1 | datapath_inst/videoSigGen_inst/geqOp                 | datapath_inst/sampleIntervalCounter_inst/SR[0]   |                4 |             11 |         2.75 |
|  datapath_inst/vc/inst/clk_out1 | datapath_inst/videoSigGen_inst/pixelVert[10]_i_1_n_0 | datapath_inst/sampleIntervalCounter_inst/SR[0]   |                4 |             11 |         2.75 |
|  clk_IBUF_BUFG                  | control_inst/FSM_sequential_state_reg[2]_0[0]        | datapath_inst/sampleIntervalCounter_inst/SR[0]   |                8 |             32 |         4.00 |
|  clk_IBUF_BUFG                  | control_inst/FSM_sequential_state_reg[1]_0[0]        | datapath_inst/sampleIntervalCounter_inst/SR[0]   |               10 |             32 |         3.20 |
|  datapath_inst/vc/inst/clk_out1 |                                                      | datapath_inst/hdmi0_inst/inst/encr/AR[0]         |               23 |             42 |         1.83 |
|  clk_IBUF_BUFG                  |                                                      | datapath_inst/sampleIntervalCounter_inst/SR[0]   |               21 |             70 |         3.33 |
|  datapath_inst/vc/inst/clk_out1 |                                                      |                                                  |               29 |            116 |         4.00 |
+---------------------------------+------------------------------------------------------+--------------------------------------------------+------------------+----------------+--------------+


