
*** Running vivado
    with args -log acquireToHDMI.vdi -applog -m64 -product Vivado -messageDb vivado.pb -mode batch -source acquireToHDMI.tcl -notrace


ECHO is off.
ECHO is off.

****** Vivado v2023.1 (64-bit)
  **** SW Build 3865809 on Sun May  7 15:05:29 MDT 2023
  **** IP Build 3864474 on Sun May  7 20:36:21 MDT 2023
  **** SharedData Build 3865790 on Sun May 07 13:33:03 MDT 2023
    ** Copyright 1986-2022 Xilinx, Inc. All Rights Reserved.
    ** Copyright 2022-2023 Advanced Micro Devices, Inc. All Rights Reserved.

source acquireToHDMI.tcl -notrace
create_project: Time (s): cpu = 00:00:05 ; elapsed = 00:00:06 . Memory (MB): peak = 450.344 ; gain = 166.730
INFO: [IP_Flow 19-234] Refreshing IP repositories
INFO: [IP_Flow 19-1700] Loaded user IP repository 'c:/EENG 484/ipRepo'.
INFO: [IP_Flow 19-2313] Loaded Vivado IP repository 'C:/Xilinx/Vivado/2023.1/data/ip'.
WARNING: [IP_Flow 19-4995] The host OS only allows 260 characters in a normal path. The IP cache path is more than 80 characters. If you experience issues with IP caching, please consider changing the IP cache to a location with a shorter path. Alternately consider using the OS subst command to map part of the path to a drive letter. 
Current IP cache path is C:/EENG 484/lab4acquireToDisplay/lab4acquireToDisplay.runs/impl_1/{C:/EENG 484/lab4acquireToDisplay/lab4acquireToDisplay.cache/ip} 
Command: link_design -top acquireToHDMI -part xc7z010clg400-1
Design is defaulting to srcset: sources_1
Design is defaulting to constrset: constrs_1
INFO: [Device 21-403] Loading part xc7z010clg400-1
INFO: [Project 1-454] Reading design checkpoint 'c:/EENG 484/lab4acquireToDisplay/lab4acquireToDisplay.gen/sources_1/ip/blk_mem_gen_0/blk_mem_gen_0.dcp' for cell 'datapath_inst/ch1BRAM_inst'
INFO: [Project 1-454] Reading design checkpoint 'c:/EENG 484/lab4acquireToDisplay/lab4acquireToDisplay.gen/sources_1/ip/hdmi_tx_0_1/hdmi_tx_0.dcp' for cell 'datapath_inst/hdmi0_inst'
INFO: [Project 1-454] Reading design checkpoint 'c:/EENG 484/lab4acquireToDisplay/lab4acquireToDisplay.gen/sources_1/ip/clk_wiz_0/clk_wiz_0.dcp' for cell 'datapath_inst/vc'
Netlist sorting complete. Time (s): cpu = 00:00:00 ; elapsed = 00:00:00.016 . Memory (MB): peak = 897.164 ; gain = 0.000
INFO: [Netlist 29-17] Analyzing 83 Unisim elements for replacement
INFO: [Netlist 29-28] Unisim Transformation completed in 0 CPU seconds
INFO: [Project 1-479] Netlist was created with Vivado 2023.1
INFO: [Project 1-570] Preparing netlist for logic optimization
WARNING: [Opt 31-35] Removing redundant IBUF, datapath_inst/vc/inst/clkin1_ibufg, from the path connected to top-level port: clk 
Resolution: The tool has removed redundant IBUF. To resolve this warning, check for redundant IBUF in the input design.
WARNING: [Constraints 18-550] Could not create 'IBUF_LOW_PWR' constraint because net 'datapath_inst/vc/clk_in1' is not directly connected to top level port. Synthesis is ignored for IBUF_LOW_PWR but preserved for implementation.
Parsing XDC File [c:/EENG 484/lab4acquireToDisplay/lab4acquireToDisplay.gen/sources_1/ip/clk_wiz_0/clk_wiz_0_board.xdc] for cell 'datapath_inst/vc/inst'
Finished Parsing XDC File [c:/EENG 484/lab4acquireToDisplay/lab4acquireToDisplay.gen/sources_1/ip/clk_wiz_0/clk_wiz_0_board.xdc] for cell 'datapath_inst/vc/inst'
Parsing XDC File [c:/EENG 484/lab4acquireToDisplay/lab4acquireToDisplay.gen/sources_1/ip/clk_wiz_0/clk_wiz_0.xdc] for cell 'datapath_inst/vc/inst'
INFO: [Timing 38-35] Done setting XDC timing constraints. [c:/EENG 484/lab4acquireToDisplay/lab4acquireToDisplay.gen/sources_1/ip/clk_wiz_0/clk_wiz_0.xdc:57]
INFO: [Timing 38-2] Deriving generated clocks [c:/EENG 484/lab4acquireToDisplay/lab4acquireToDisplay.gen/sources_1/ip/clk_wiz_0/clk_wiz_0.xdc:57]
get_clocks: Time (s): cpu = 00:00:07 ; elapsed = 00:00:07 . Memory (MB): peak = 1517.816 ; gain = 504.352
Finished Parsing XDC File [c:/EENG 484/lab4acquireToDisplay/lab4acquireToDisplay.gen/sources_1/ip/clk_wiz_0/clk_wiz_0.xdc] for cell 'datapath_inst/vc/inst'
Parsing XDC File [C:/EENG 484/lab4acquireToDisplay/acquireToHDMI.xdc]
Finished Parsing XDC File [C:/EENG 484/lab4acquireToDisplay/acquireToHDMI.xdc]
INFO: [Opt 31-138] Pushed 0 inverter(s) to 0 load pin(s).
Netlist sorting complete. Time (s): cpu = 00:00:00 ; elapsed = 00:00:00 . Memory (MB): peak = 1517.816 ; gain = 0.000
INFO: [Project 1-111] Unisim Transformation Summary:
No Unisim elements were transformed.

15 Infos, 3 Warnings, 0 Critical Warnings and 0 Errors encountered.
link_design completed successfully
link_design: Time (s): cpu = 00:00:13 ; elapsed = 00:00:14 . Memory (MB): peak = 1517.816 ; gain = 1031.168
Command: opt_design
Attempting to get a license for feature 'Implementation' and/or device 'xc7z010'
INFO: [Common 17-349] Got license for feature 'Implementation' and/or device 'xc7z010'
Running DRC as a precondition to command opt_design

Starting DRC Task
INFO: [DRC 23-27] Running DRC with 2 threads
INFO: [Project 1-461] DRC finished with 0 Errors
INFO: [Project 1-462] Please refer to the DRC report (report_drc) for more information.

Time (s): cpu = 00:00:02 ; elapsed = 00:00:01 . Memory (MB): peak = 1517.816 ; gain = 0.000

Starting Cache Timing Information Task
INFO: [Timing 38-35] Done setting XDC timing constraints.
Ending Cache Timing Information Task | Checksum: 1539cab77

Time (s): cpu = 00:00:00 ; elapsed = 00:00:00.092 . Memory (MB): peak = 1535.742 ; gain = 17.926

Starting Logic Optimization Task

Phase 1 Retarget
INFO: [Opt 31-138] Pushed 2 inverter(s) to 2 load pin(s).
INFO: [Opt 31-49] Retargeted 0 cell(s).
Phase 1 Retarget | Checksum: 1e06d1cee

Time (s): cpu = 00:00:01 ; elapsed = 00:00:00.072 . Memory (MB): peak = 1861.586 ; gain = 0.000
INFO: [Opt 31-389] Phase Retarget created 0 cells and removed 2 cells
INFO: [Opt 31-1021] In phase Retarget, 2 netlist objects are constrained preventing optimization. Please run opt_design with -debug_log to get more detail. 

Phase 2 Constant propagation
INFO: [Opt 31-138] Pushed 5 inverter(s) to 5 load pin(s).
Phase 2 Constant propagation | Checksum: f6e784a6

Time (s): cpu = 00:00:01 ; elapsed = 00:00:00.101 . Memory (MB): peak = 1861.586 ; gain = 0.000
INFO: [Opt 31-389] Phase Constant propagation created 25 cells and removed 98 cells

Phase 3 Sweep
Phase 3 Sweep | Checksum: 1d1ff682a

Time (s): cpu = 00:00:01 ; elapsed = 00:00:00.122 . Memory (MB): peak = 1861.586 ; gain = 0.000
INFO: [Opt 31-389] Phase Sweep created 0 cells and removed 0 cells
INFO: [Opt 31-1021] In phase Sweep, 1 netlist objects are constrained preventing optimization. Please run opt_design with -debug_log to get more detail. 

Phase 4 BUFG optimization
INFO: [Opt 31-194] Inserted BUFG clk_IBUF_BUFG_inst to drive 152 load(s) on clock net clk_IBUF_BUFG
INFO: [Opt 31-193] Inserted 1 BUFG(s) on clock nets
Phase 4 BUFG optimization | Checksum: 1dd2261e6

Time (s): cpu = 00:00:01 ; elapsed = 00:00:00.179 . Memory (MB): peak = 1861.586 ; gain = 0.000
INFO: [Opt 31-662] Phase BUFG optimization created 1 cells of which 1 are BUFGs and removed 0 cells.

Phase 5 Shift Register Optimization
INFO: [Opt 31-1064] SRL Remap converted 0 SRLs to 0 registers and converted 0 registers of register chains to 0 SRLs
Phase 5 Shift Register Optimization | Checksum: 157517306

Time (s): cpu = 00:00:01 ; elapsed = 00:00:00.225 . Memory (MB): peak = 1861.586 ; gain = 0.000
INFO: [Opt 31-389] Phase Shift Register Optimization created 0 cells and removed 0 cells

Phase 6 Post Processing Netlist
Phase 6 Post Processing Netlist | Checksum: 157517306

Time (s): cpu = 00:00:01 ; elapsed = 00:00:00.229 . Memory (MB): peak = 1861.586 ; gain = 0.000
INFO: [Opt 31-389] Phase Post Processing Netlist created 0 cells and removed 0 cells
Opt_design Change Summary
=========================


-------------------------------------------------------------------------------------------------------------------------
|  Phase                        |  #Cells created  |  #Cells Removed  |  #Constrained objects preventing optimizations  |
-------------------------------------------------------------------------------------------------------------------------
|  Retarget                     |               0  |               2  |                                              2  |
|  Constant propagation         |              25  |              98  |                                              0  |
|  Sweep                        |               0  |               0  |                                              1  |
|  BUFG optimization            |               1  |               0  |                                              0  |
|  Shift Register Optimization  |               0  |               0  |                                              0  |
|  Post Processing Netlist      |               0  |               0  |                                              0  |
-------------------------------------------------------------------------------------------------------------------------



Starting Connectivity Check Task

Time (s): cpu = 00:00:00 ; elapsed = 00:00:00.003 . Memory (MB): peak = 1861.586 ; gain = 0.000
Ending Logic Optimization Task | Checksum: 157517306

Time (s): cpu = 00:00:01 ; elapsed = 00:00:00.234 . Memory (MB): peak = 1861.586 ; gain = 0.000

Starting Power Optimization Task
INFO: [Pwropt 34-132] Skipping clock gating for clocks with a period < 2.00 ns.
INFO: [Pwropt 34-9] Applying IDT optimizations ...
INFO: [Pwropt 34-10] Applying ODC optimizations ...
INFO: [Timing 38-35] Done setting XDC timing constraints.
Running Vector-less Activity Propagation...

Finished Running Vector-less Activity Propagation


Starting PowerOpt Patch Enables Task
INFO: [Pwropt 34-162] WRITE_MODE attribute of 0 BRAM(s) out of a total of 2 has been updated to save power. Run report_power_opt to get a complete listing of the BRAMs updated.
INFO: [Pwropt 34-201] Structural ODC has moved 2 WE to EN ports
Number of BRAM Ports augmented: 2 newly gated: 2 Total Ports: 4
Ending PowerOpt Patch Enables Task | Checksum: 14f8194fb

Time (s): cpu = 00:00:00 ; elapsed = 00:00:00.014 . Memory (MB): peak = 1964.004 ; gain = 0.000
Ending Power Optimization Task | Checksum: 14f8194fb

Time (s): cpu = 00:00:01 ; elapsed = 00:00:00.706 . Memory (MB): peak = 1964.004 ; gain = 102.418

Starting Final Cleanup Task
Ending Final Cleanup Task | Checksum: 14f8194fb

Time (s): cpu = 00:00:00 ; elapsed = 00:00:00.001 . Memory (MB): peak = 1964.004 ; gain = 0.000

Starting Netlist Obfuscation Task
Netlist sorting complete. Time (s): cpu = 00:00:00 ; elapsed = 00:00:00.001 . Memory (MB): peak = 1964.004 ; gain = 0.000
Ending Netlist Obfuscation Task | Checksum: e7ac445c

Time (s): cpu = 00:00:00 ; elapsed = 00:00:00.001 . Memory (MB): peak = 1964.004 ; gain = 0.000
INFO: [Common 17-83] Releasing license: Implementation
41 Infos, 3 Warnings, 0 Critical Warnings and 0 Errors encountered.
opt_design completed successfully
opt_design: Time (s): cpu = 00:00:06 ; elapsed = 00:00:05 . Memory (MB): peak = 1964.004 ; gain = 446.188
INFO: [runtcl-4] Executing : report_drc -file acquireToHDMI_drc_opted.rpt -pb acquireToHDMI_drc_opted.pb -rpx acquireToHDMI_drc_opted.rpx
Command: report_drc -file acquireToHDMI_drc_opted.rpt -pb acquireToHDMI_drc_opted.pb -rpx acquireToHDMI_drc_opted.rpx
INFO: [IP_Flow 19-1839] IP Catalog is up to date.
INFO: [DRC 23-27] Running DRC with 2 threads
INFO: [Vivado_Tcl 2-168] The results of DRC are in file C:/EENG 484/lab4acquireToDisplay/lab4acquireToDisplay.runs/impl_1/acquireToHDMI_drc_opted.rpt.
report_drc completed successfully
INFO: [Timing 38-35] Done setting XDC timing constraints.
INFO: [Timing 38-480] Writing timing data to binary archive.
Writing XDEF routing.
Writing XDEF routing logical nets.
Writing XDEF routing special nets.
Write XDEF Complete: Time (s): cpu = 00:00:01 ; elapsed = 00:00:00.052 . Memory (MB): peak = 1964.004 ; gain = 0.000
INFO: [Common 17-1381] The checkpoint 'C:/EENG 484/lab4acquireToDisplay/lab4acquireToDisplay.runs/impl_1/acquireToHDMI_opt.dcp' has been generated.
Command: place_design
Attempting to get a license for feature 'Implementation' and/or device 'xc7z010'
INFO: [Common 17-349] Got license for feature 'Implementation' and/or device 'xc7z010'
INFO: [DRC 23-27] Running DRC with 2 threads
INFO: [Vivado_Tcl 4-198] DRC finished with 0 Errors
INFO: [Vivado_Tcl 4-199] Please refer to the DRC report (report_drc) for more information.
Running DRC as a precondition to command place_design
INFO: [DRC 23-27] Running DRC with 2 threads
INFO: [Vivado_Tcl 4-198] DRC finished with 0 Errors
INFO: [Vivado_Tcl 4-199] Please refer to the DRC report (report_drc) for more information.

Starting Placer Task
INFO: [Place 30-611] Multithreading enabled for place_design using a maximum of 2 CPUs

Phase 1 Placer Initialization

Phase 1.1 Placer Initialization Netlist Sorting
Netlist sorting complete. Time (s): cpu = 00:00:00 ; elapsed = 00:00:00.001 . Memory (MB): peak = 1964.004 ; gain = 0.000
Phase 1.1 Placer Initialization Netlist Sorting | Checksum: e594f5cd

Time (s): cpu = 00:00:00 ; elapsed = 00:00:00.006 . Memory (MB): peak = 1964.004 ; gain = 0.000
Netlist sorting complete. Time (s): cpu = 00:00:00 ; elapsed = 00:00:00 . Memory (MB): peak = 1964.004 ; gain = 0.000

Phase 1.2 IO Placement/ Clock Placement/ Build Placer Device
Phase 1.2 IO Placement/ Clock Placement/ Build Placer Device | Checksum: f4491516

Time (s): cpu = 00:00:00 ; elapsed = 00:00:00.149 . Memory (MB): peak = 1964.004 ; gain = 0.000

Phase 1.3 Build Placer Netlist Model
Phase 1.3 Build Placer Netlist Model | Checksum: 1bb92cb31

Time (s): cpu = 00:00:00 ; elapsed = 00:00:00.424 . Memory (MB): peak = 1964.004 ; gain = 0.000

Phase 1.4 Constrain Clocks/Macros
Phase 1.4 Constrain Clocks/Macros | Checksum: 1bb92cb31

Time (s): cpu = 00:00:00 ; elapsed = 00:00:00.427 . Memory (MB): peak = 1964.004 ; gain = 0.000
Phase 1 Placer Initialization | Checksum: 1bb92cb31

Time (s): cpu = 00:00:00 ; elapsed = 00:00:00.431 . Memory (MB): peak = 1964.004 ; gain = 0.000

Phase 2 Global Placement

Phase 2.1 Floorplanning
Phase 2.1 Floorplanning | Checksum: 1a1bd426f

Time (s): cpu = 00:00:01 ; elapsed = 00:00:00.594 . Memory (MB): peak = 1964.004 ; gain = 0.000

Phase 2.2 Update Timing before SLR Path Opt
Phase 2.2 Update Timing before SLR Path Opt | Checksum: 17fc2d6b1

Time (s): cpu = 00:00:01 ; elapsed = 00:00:00.696 . Memory (MB): peak = 1964.004 ; gain = 0.000

Phase 2.3 Post-Processing in Floorplanning
Phase 2.3 Post-Processing in Floorplanning | Checksum: 17fc2d6b1

Time (s): cpu = 00:00:01 ; elapsed = 00:00:00.700 . Memory (MB): peak = 1964.004 ; gain = 0.000

Phase 2.4 Global Placement Core

Phase 2.4.1 UpdateTiming Before Physical Synthesis
Phase 2.4.1 UpdateTiming Before Physical Synthesis | Checksum: 1234b01d3

Time (s): cpu = 00:00:04 ; elapsed = 00:00:03 . Memory (MB): peak = 1964.004 ; gain = 0.000

Phase 2.4.2 Physical Synthesis In Placer
INFO: [Physopt 32-1035] Found 0 LUTNM shape to break, 19 LUT instances to create LUTNM shape
INFO: [Physopt 32-1044] Break lutnm for timing: one critical 0, two critical 0, total 0, new lutff created 0
INFO: [Physopt 32-1138] End 1 Pass. Optimized 8 nets or LUTs. Breaked 0 LUT, combined 8 existing LUTs and moved 0 existing LUT
INFO: [Physopt 32-65] No nets found for high-fanout optimization.
INFO: [Physopt 32-232] Optimized 0 net. Created 0 new instance.
INFO: [Physopt 32-775] End 1 Pass. Optimized 0 net or cell. Created 0 new cell, deleted 0 existing cell and moved 0 existing cell
INFO: [Physopt 32-670] No setup violation found.  DSP Register Optimization was not performed.
INFO: [Physopt 32-670] No setup violation found.  Shift Register to Pipeline Optimization was not performed.
INFO: [Physopt 32-670] No setup violation found.  Shift Register Optimization was not performed.
INFO: [Physopt 32-670] No setup violation found.  BRAM Register Optimization was not performed.
INFO: [Physopt 32-670] No setup violation found.  URAM Register Optimization was not performed.
INFO: [Physopt 32-949] No candidate nets found for dynamic/static region interface net replication
INFO: [Physopt 32-775] End 1 Pass. Optimized 0 net or cell. Created 0 new cell, deleted 0 existing cell and moved 0 existing cell
Netlist sorting complete. Time (s): cpu = 00:00:00 ; elapsed = 00:00:00.001 . Memory (MB): peak = 1964.004 ; gain = 0.000

Summary of Physical Synthesis Optimizations
============================================


-----------------------------------------------------------------------------------------------------------------------------------------------------------
|  Optimization                                     |  Added Cells  |  Removed Cells  |  Optimized Cells/Nets  |  Dont Touch  |  Iterations  |  Elapsed   |
-----------------------------------------------------------------------------------------------------------------------------------------------------------
|  LUT Combining                                    |            0  |              8  |                     8  |           0  |           1  |  00:00:00  |
|  Retime                                           |            0  |              0  |                     0  |           0  |           1  |  00:00:00  |
|  Very High Fanout                                 |            0  |              0  |                     0  |           0  |           1  |  00:00:00  |
|  DSP Register                                     |            0  |              0  |                     0  |           0  |           0  |  00:00:00  |
|  Shift Register to Pipeline                       |            0  |              0  |                     0  |           0  |           0  |  00:00:00  |
|  Shift Register                                   |            0  |              0  |                     0  |           0  |           0  |  00:00:00  |
|  BRAM Register                                    |            0  |              0  |                     0  |           0  |           0  |  00:00:00  |
|  URAM Register                                    |            0  |              0  |                     0  |           0  |           0  |  00:00:00  |
|  Dynamic/Static Region Interface Net Replication  |            0  |              0  |                     0  |           0  |           1  |  00:00:00  |
|  Total                                            |            0  |              8  |                     8  |           0  |           4  |  00:00:00  |
-----------------------------------------------------------------------------------------------------------------------------------------------------------


Phase 2.4.2 Physical Synthesis In Placer | Checksum: 1159e6b59

Time (s): cpu = 00:00:05 ; elapsed = 00:00:03 . Memory (MB): peak = 1964.004 ; gain = 0.000
Phase 2.4 Global Placement Core | Checksum: 1174cffe9

Time (s): cpu = 00:00:05 ; elapsed = 00:00:03 . Memory (MB): peak = 1964.004 ; gain = 0.000
Phase 2 Global Placement | Checksum: 1174cffe9

Time (s): cpu = 00:00:05 ; elapsed = 00:00:03 . Memory (MB): peak = 1964.004 ; gain = 0.000

Phase 3 Detail Placement

Phase 3.1 Commit Multi Column Macros
Phase 3.1 Commit Multi Column Macros | Checksum: 10dc16598

Time (s): cpu = 00:00:05 ; elapsed = 00:00:04 . Memory (MB): peak = 1964.004 ; gain = 0.000

Phase 3.2 Commit Most Macros & LUTRAMs
Phase 3.2 Commit Most Macros & LUTRAMs | Checksum: f0d6f0b0

Time (s): cpu = 00:00:05 ; elapsed = 00:00:04 . Memory (MB): peak = 1964.004 ; gain = 0.000

Phase 3.3 Area Swap Optimization
Phase 3.3 Area Swap Optimization | Checksum: 16b4c2b19

Time (s): cpu = 00:00:05 ; elapsed = 00:00:04 . Memory (MB): peak = 1964.004 ; gain = 0.000

Phase 3.4 Pipeline Register Optimization
Phase 3.4 Pipeline Register Optimization | Checksum: 154367cc9

Time (s): cpu = 00:00:05 ; elapsed = 00:00:04 . Memory (MB): peak = 1964.004 ; gain = 0.000

Phase 3.5 Small Shape Detail Placement
Phase 3.5 Small Shape Detail Placement | Checksum: 1c50f567c

Time (s): cpu = 00:00:05 ; elapsed = 00:00:04 . Memory (MB): peak = 1964.004 ; gain = 0.000

Phase 3.6 Re-assign LUT pins
Phase 3.6 Re-assign LUT pins | Checksum: f51cab2d

Time (s): cpu = 00:00:06 ; elapsed = 00:00:04 . Memory (MB): peak = 1964.004 ; gain = 0.000

Phase 3.7 Pipeline Register Optimization
Phase 3.7 Pipeline Register Optimization | Checksum: 11c31cc9d

Time (s): cpu = 00:00:06 ; elapsed = 00:00:04 . Memory (MB): peak = 1964.004 ; gain = 0.000
Phase 3 Detail Placement | Checksum: 11c31cc9d

Time (s): cpu = 00:00:06 ; elapsed = 00:00:04 . Memory (MB): peak = 1964.004 ; gain = 0.000

Phase 4 Post Placement Optimization and Clean-Up

Phase 4.1 Post Commit Optimization
INFO: [Timing 38-35] Done setting XDC timing constraints.

Phase 4.1.1 Post Placement Optimization
Post Placement Optimization Initialization | Checksum: 12bee3a77

Phase 4.1.1.1 BUFG Insertion

Starting Physical Synthesis Task

Phase 1 Physical Synthesis Initialization
INFO: [Physopt 32-721] Multithreading enabled for phys_opt_design using a maximum of 2 CPUs
INFO: [Physopt 32-619] Estimated Timing Summary | WNS=1.956 | TNS=0.000 |
Phase 1 Physical Synthesis Initialization | Checksum: 5c69de7b

Time (s): cpu = 00:00:00 ; elapsed = 00:00:00.052 . Memory (MB): peak = 1964.004 ; gain = 0.000
INFO: [Place 46-56] BUFG insertion identified 0 candidate nets. Inserted BUFG: 0, Replicated BUFG Driver: 0, Skipped due to Placement/Routing Conflicts: 0, Skipped due to Timing Degradation: 0, Skipped due to netlist editing failed: 0.
Ending Physical Synthesis Task | Checksum: 5c69de7b

Time (s): cpu = 00:00:00 ; elapsed = 00:00:00.062 . Memory (MB): peak = 1964.004 ; gain = 0.000
Phase 4.1.1.1 BUFG Insertion | Checksum: 12bee3a77

Time (s): cpu = 00:00:06 ; elapsed = 00:00:04 . Memory (MB): peak = 1964.004 ; gain = 0.000

Phase 4.1.1.2 Post Placement Timing Optimization
INFO: [Place 30-746] Post Placement Timing Summary WNS=1.956. For the most accurate timing information please run report_timing.
Phase 4.1.1.2 Post Placement Timing Optimization | Checksum: d9c36e9f

Time (s): cpu = 00:00:06 ; elapsed = 00:00:04 . Memory (MB): peak = 1964.004 ; gain = 0.000

Time (s): cpu = 00:00:06 ; elapsed = 00:00:04 . Memory (MB): peak = 1964.004 ; gain = 0.000
Phase 4.1 Post Commit Optimization | Checksum: d9c36e9f

Time (s): cpu = 00:00:06 ; elapsed = 00:00:04 . Memory (MB): peak = 1964.004 ; gain = 0.000

Phase 4.2 Post Placement Cleanup
Phase 4.2 Post Placement Cleanup | Checksum: d9c36e9f

Time (s): cpu = 00:00:06 ; elapsed = 00:00:05 . Memory (MB): peak = 1964.004 ; gain = 0.000

Phase 4.3 Placer Reporting

Phase 4.3.1 Print Estimated Congestion
INFO: [Place 30-612] Post-Placement Estimated Congestion 
 ____________________________________________________
|           | Global Congestion | Short Congestion  |
| Direction | Region Size       | Region Size       |
|___________|___________________|___________________|
|      North|                1x1|                1x1|
|___________|___________________|___________________|
|      South|                1x1|                1x1|
|___________|___________________|___________________|
|       East|                1x1|                1x1|
|___________|___________________|___________________|
|       West|                1x1|                1x1|
|___________|___________________|___________________|

Phase 4.3.1 Print Estimated Congestion | Checksum: d9c36e9f

Time (s): cpu = 00:00:06 ; elapsed = 00:00:05 . Memory (MB): peak = 1964.004 ; gain = 0.000
Phase 4.3 Placer Reporting | Checksum: d9c36e9f

Time (s): cpu = 00:00:06 ; elapsed = 00:00:05 . Memory (MB): peak = 1964.004 ; gain = 0.000

Phase 4.4 Final Placement Cleanup
Netlist sorting complete. Time (s): cpu = 00:00:00 ; elapsed = 00:00:00 . Memory (MB): peak = 1964.004 ; gain = 0.000

Time (s): cpu = 00:00:06 ; elapsed = 00:00:05 . Memory (MB): peak = 1964.004 ; gain = 0.000
Phase 4 Post Placement Optimization and Clean-Up | Checksum: d26992c6

Time (s): cpu = 00:00:06 ; elapsed = 00:00:05 . Memory (MB): peak = 1964.004 ; gain = 0.000
Ending Placer Task | Checksum: 52f8b413

Time (s): cpu = 00:00:06 ; elapsed = 00:00:05 . Memory (MB): peak = 1964.004 ; gain = 0.000
INFO: [Common 17-83] Releasing license: Implementation
76 Infos, 3 Warnings, 0 Critical Warnings and 0 Errors encountered.
place_design completed successfully
place_design: Time (s): cpu = 00:00:08 ; elapsed = 00:00:06 . Memory (MB): peak = 1964.004 ; gain = 0.000
INFO: [runtcl-4] Executing : report_io -file acquireToHDMI_io_placed.rpt
report_io: Time (s): cpu = 00:00:00 ; elapsed = 00:00:00.067 . Memory (MB): peak = 1964.004 ; gain = 0.000
INFO: [runtcl-4] Executing : report_utilization -file acquireToHDMI_utilization_placed.rpt -pb acquireToHDMI_utilization_placed.pb
INFO: [runtcl-4] Executing : report_control_sets -verbose -file acquireToHDMI_control_sets_placed.rpt
report_control_sets: Time (s): cpu = 00:00:00 ; elapsed = 00:00:00.003 . Memory (MB): peak = 1964.004 ; gain = 0.000
INFO: [Timing 38-480] Writing timing data to binary archive.
Writing XDEF routing.
Writing XDEF routing logical nets.
Writing XDEF routing special nets.
Write XDEF Complete: Time (s): cpu = 00:00:01 ; elapsed = 00:00:00.164 . Memory (MB): peak = 1964.004 ; gain = 0.000
INFO: [Common 17-1381] The checkpoint 'C:/EENG 484/lab4acquireToDisplay/lab4acquireToDisplay.runs/impl_1/acquireToHDMI_placed.dcp' has been generated.
Command: phys_opt_design
Attempting to get a license for feature 'Implementation' and/or device 'xc7z010'
INFO: [Common 17-349] Got license for feature 'Implementation' and/or device 'xc7z010'

Starting Initial Update Timing Task

Time (s): cpu = 00:00:00 ; elapsed = 00:00:00.145 . Memory (MB): peak = 1964.004 ; gain = 0.000
INFO: [Vivado_Tcl 4-383] Design worst setup slack (WNS) is greater than or equal to 0.000 ns. Skipping all physical synthesis optimizations.
INFO: [Vivado_Tcl 4-232] No setup violation found. The netlist was not modified.
INFO: [Common 17-83] Releasing license: Implementation
85 Infos, 3 Warnings, 0 Critical Warnings and 0 Errors encountered.
phys_opt_design completed successfully
INFO: [Timing 38-480] Writing timing data to binary archive.
Writing XDEF routing.
Writing XDEF routing logical nets.
Writing XDEF routing special nets.
Write XDEF Complete: Time (s): cpu = 00:00:00 ; elapsed = 00:00:00.165 . Memory (MB): peak = 1964.004 ; gain = 0.000
INFO: [Common 17-1381] The checkpoint 'C:/EENG 484/lab4acquireToDisplay/lab4acquireToDisplay.runs/impl_1/acquireToHDMI_physopt.dcp' has been generated.
Command: route_design
Attempting to get a license for feature 'Implementation' and/or device 'xc7z010'
INFO: [Common 17-349] Got license for feature 'Implementation' and/or device 'xc7z010'
Running DRC as a precondition to command route_design
INFO: [DRC 23-27] Running DRC with 2 threads
INFO: [Vivado_Tcl 4-198] DRC finished with 0 Errors
INFO: [Vivado_Tcl 4-199] Please refer to the DRC report (report_drc) for more information.


Starting Routing Task
INFO: [Route 35-254] Multithreading enabled for route_design using a maximum of 2 CPUs

Phase 1 Build RT Design
Checksum: PlaceDB: 11836daa ConstDB: 0 ShapeSum: 41754669 RouteDB: 0
Post Restoration Checksum: NetGraph: 66c67e4b | NumContArr: feadec8 | Constraints: 190a55ad | Timing: 0
Phase 1 Build RT Design | Checksum: 8fbbb2c0

Time (s): cpu = 00:00:13 ; elapsed = 00:00:13 . Memory (MB): peak = 1964.004 ; gain = 0.000

Phase 2 Router Initialization

Phase 2.1 Fix Topology Constraints
Phase 2.1 Fix Topology Constraints | Checksum: 8fbbb2c0

Time (s): cpu = 00:00:13 ; elapsed = 00:00:13 . Memory (MB): peak = 1964.004 ; gain = 0.000

Phase 2.2 Pre Route Cleanup
Phase 2.2 Pre Route Cleanup | Checksum: 8fbbb2c0

Time (s): cpu = 00:00:13 ; elapsed = 00:00:13 . Memory (MB): peak = 1964.004 ; gain = 0.000
 Number of Nodes with overlaps = 0

Phase 2.3 Update Timing
Phase 2.3 Update Timing | Checksum: ce998154

Time (s): cpu = 00:00:13 ; elapsed = 00:00:13 . Memory (MB): peak = 1964.004 ; gain = 0.000
INFO: [Route 35-416] Intermediate Timing Summary | WNS=1.991  | TNS=0.000  | WHS=-0.138 | THS=-7.574 |


Router Utilization Summary
  Global Vertical Routing Utilization    = 0 %
  Global Horizontal Routing Utilization  = 0 %
  Routable Net Status*
  *Does not include unroutable nets such as driverless and loadless.
  Run report_route_status for detailed report.
  Number of Failed Nets               = 1025
    (Failed Nets is the sum of unrouted and partially routed nets)
  Number of Unrouted Nets             = 1025
  Number of Partially Routed Nets     = 0
  Number of Node Overlaps             = 0

Phase 2 Router Initialization | Checksum: 8194a744

Time (s): cpu = 00:00:14 ; elapsed = 00:00:13 . Memory (MB): peak = 1964.004 ; gain = 0.000

Phase 3 Initial Routing

Phase 3.1 Global Routing
Phase 3.1 Global Routing | Checksum: 8194a744

Time (s): cpu = 00:00:14 ; elapsed = 00:00:13 . Memory (MB): peak = 1964.004 ; gain = 0.000
Phase 3 Initial Routing | Checksum: 1a7e7d9e6

Time (s): cpu = 00:00:14 ; elapsed = 00:00:13 . Memory (MB): peak = 1964.004 ; gain = 0.000

Phase 4 Rip-up And Reroute

Phase 4.1 Global Iteration 0
 Number of Nodes with overlaps = 125
 Number of Nodes with overlaps = 9
 Number of Nodes with overlaps = 2
 Number of Nodes with overlaps = 0
INFO: [Route 35-416] Intermediate Timing Summary | WNS=1.979  | TNS=0.000  | WHS=N/A    | THS=N/A    |

Phase 4.1 Global Iteration 0 | Checksum: 2b72dfb32

Time (s): cpu = 00:00:15 ; elapsed = 00:00:14 . Memory (MB): peak = 1964.004 ; gain = 0.000

Phase 4.2 Global Iteration 1
 Number of Nodes with overlaps = 1
 Number of Nodes with overlaps = 0
INFO: [Route 35-416] Intermediate Timing Summary | WNS=1.979  | TNS=0.000  | WHS=N/A    | THS=N/A    |

Phase 4.2 Global Iteration 1 | Checksum: 24d428a55

Time (s): cpu = 00:00:15 ; elapsed = 00:00:14 . Memory (MB): peak = 1964.004 ; gain = 0.000
Phase 4 Rip-up And Reroute | Checksum: 24d428a55

Time (s): cpu = 00:00:15 ; elapsed = 00:00:14 . Memory (MB): peak = 1964.004 ; gain = 0.000

Phase 5 Delay and Skew Optimization

Phase 5.1 Delay CleanUp
Phase 5.1 Delay CleanUp | Checksum: 24d428a55

Time (s): cpu = 00:00:15 ; elapsed = 00:00:14 . Memory (MB): peak = 1964.004 ; gain = 0.000

Phase 5.2 Clock Skew Optimization
Phase 5.2 Clock Skew Optimization | Checksum: 24d428a55

Time (s): cpu = 00:00:15 ; elapsed = 00:00:14 . Memory (MB): peak = 1964.004 ; gain = 0.000
Phase 5 Delay and Skew Optimization | Checksum: 24d428a55

Time (s): cpu = 00:00:15 ; elapsed = 00:00:14 . Memory (MB): peak = 1964.004 ; gain = 0.000

Phase 6 Post Hold Fix

Phase 6.1 Hold Fix Iter

Phase 6.1.1 Update Timing
Phase 6.1.1 Update Timing | Checksum: 2659a56e8

Time (s): cpu = 00:00:15 ; elapsed = 00:00:14 . Memory (MB): peak = 1964.004 ; gain = 0.000
INFO: [Route 35-416] Intermediate Timing Summary | WNS=2.094  | TNS=0.000  | WHS=0.156  | THS=0.000  |

Phase 6.1 Hold Fix Iter | Checksum: 2239113eb

Time (s): cpu = 00:00:15 ; elapsed = 00:00:14 . Memory (MB): peak = 1964.004 ; gain = 0.000
Phase 6 Post Hold Fix | Checksum: 2239113eb

Time (s): cpu = 00:00:15 ; elapsed = 00:00:14 . Memory (MB): peak = 1964.004 ; gain = 0.000

Phase 7 Route finalize

Router Utilization Summary
  Global Vertical Routing Utilization    = 0.424831 %
  Global Horizontal Routing Utilization  = 0.534467 %
  Routable Net Status*
  *Does not include unroutable nets such as driverless and loadless.
  Run report_route_status for detailed report.
  Number of Failed Nets               = 0
    (Failed Nets is the sum of unrouted and partially routed nets)
  Number of Unrouted Nets             = 0
  Number of Partially Routed Nets     = 0
  Number of Node Overlaps             = 0

Phase 7 Route finalize | Checksum: 20770b30b

Time (s): cpu = 00:00:15 ; elapsed = 00:00:14 . Memory (MB): peak = 1964.004 ; gain = 0.000

Phase 8 Verifying routed nets

 Verification completed successfully
Phase 8 Verifying routed nets | Checksum: 20770b30b

Time (s): cpu = 00:00:15 ; elapsed = 00:00:14 . Memory (MB): peak = 1964.004 ; gain = 0.000

Phase 9 Depositing Routes
Phase 9 Depositing Routes | Checksum: 1e8bba778

Time (s): cpu = 00:00:15 ; elapsed = 00:00:14 . Memory (MB): peak = 1964.004 ; gain = 0.000

Phase 10 Post Router Timing
INFO: [Route 35-57] Estimated Timing Summary | WNS=2.094  | TNS=0.000  | WHS=0.156  | THS=0.000  |

INFO: [Route 35-327] The final timing numbers are based on the router estimated timing analysis. For a complete and accurate timing signoff, please run report_timing_summary.
Phase 10 Post Router Timing | Checksum: 1e8bba778

Time (s): cpu = 00:00:15 ; elapsed = 00:00:14 . Memory (MB): peak = 1964.004 ; gain = 0.000
INFO: [Route 35-16] Router Completed Successfully

Phase 11 Post-Route Event Processing
Phase 11 Post-Route Event Processing | Checksum: cce19b66

Time (s): cpu = 00:00:15 ; elapsed = 00:00:14 . Memory (MB): peak = 1964.004 ; gain = 0.000

Time (s): cpu = 00:00:15 ; elapsed = 00:00:14 . Memory (MB): peak = 1964.004 ; gain = 0.000

Routing Is Done.
INFO: [Common 17-83] Releasing license: Implementation
100 Infos, 3 Warnings, 0 Critical Warnings and 0 Errors encountered.
route_design completed successfully
route_design: Time (s): cpu = 00:00:17 ; elapsed = 00:00:15 . Memory (MB): peak = 1964.004 ; gain = 0.000
INFO: [runtcl-4] Executing : report_drc -file acquireToHDMI_drc_routed.rpt -pb acquireToHDMI_drc_routed.pb -rpx acquireToHDMI_drc_routed.rpx
Command: report_drc -file acquireToHDMI_drc_routed.rpt -pb acquireToHDMI_drc_routed.pb -rpx acquireToHDMI_drc_routed.rpx
INFO: [IP_Flow 19-1839] IP Catalog is up to date.
INFO: [DRC 23-27] Running DRC with 2 threads
INFO: [Vivado_Tcl 2-168] The results of DRC are in file C:/EENG 484/lab4acquireToDisplay/lab4acquireToDisplay.runs/impl_1/acquireToHDMI_drc_routed.rpt.
report_drc completed successfully
INFO: [runtcl-4] Executing : report_methodology -file acquireToHDMI_methodology_drc_routed.rpt -pb acquireToHDMI_methodology_drc_routed.pb -rpx acquireToHDMI_methodology_drc_routed.rpx
Command: report_methodology -file acquireToHDMI_methodology_drc_routed.rpt -pb acquireToHDMI_methodology_drc_routed.pb -rpx acquireToHDMI_methodology_drc_routed.rpx
INFO: [Timing 38-35] Done setting XDC timing constraints.
INFO: [DRC 23-133] Running Methodology with 2 threads
INFO: [Vivado_Tcl 2-1520] The results of Report Methodology are in file C:/EENG 484/lab4acquireToDisplay/lab4acquireToDisplay.runs/impl_1/acquireToHDMI_methodology_drc_routed.rpt.
report_methodology completed successfully
INFO: [runtcl-4] Executing : report_power -file acquireToHDMI_power_routed.rpt -pb acquireToHDMI_power_summary_routed.pb -rpx acquireToHDMI_power_routed.rpx
Command: report_power -file acquireToHDMI_power_routed.rpt -pb acquireToHDMI_power_summary_routed.pb -rpx acquireToHDMI_power_routed.rpx
INFO: [Timing 38-35] Done setting XDC timing constraints.
Running Vector-less Activity Propagation...

Finished Running Vector-less Activity Propagation
110 Infos, 3 Warnings, 0 Critical Warnings and 0 Errors encountered.
report_power completed successfully
INFO: [runtcl-4] Executing : report_route_status -file acquireToHDMI_route_status.rpt -pb acquireToHDMI_route_status.pb
INFO: [runtcl-4] Executing : report_timing_summary -max_paths 10 -report_unconstrained -file acquireToHDMI_timing_summary_routed.rpt -pb acquireToHDMI_timing_summary_routed.pb -rpx acquireToHDMI_timing_summary_routed.rpx -warn_on_violation 
INFO: [Timing 38-91] UpdateTimingParams: Speed grade: -1, Delay Type: min_max.
INFO: [Timing 38-191] Multithreading enabled for timing update using a maximum of 2 CPUs
INFO: [runtcl-4] Executing : report_incremental_reuse -file acquireToHDMI_incremental_reuse_routed.rpt
INFO: [Vivado_Tcl 4-1062] Incremental flow is disabled. No incremental reuse Info to report.
INFO: [runtcl-4] Executing : report_clock_utilization -file acquireToHDMI_clock_utilization_routed.rpt
INFO: [runtcl-4] Executing : report_bus_skew -warn_on_violation -file acquireToHDMI_bus_skew_routed.rpt -pb acquireToHDMI_bus_skew_routed.pb -rpx acquireToHDMI_bus_skew_routed.rpx
INFO: [Timing 38-91] UpdateTimingParams: Speed grade: -1, Delay Type: min_max.
INFO: [Timing 38-191] Multithreading enabled for timing update using a maximum of 2 CPUs
INFO: [Timing 38-480] Writing timing data to binary archive.
Writing XDEF routing.
Writing XDEF routing logical nets.
Writing XDEF routing special nets.
Write XDEF Complete: Time (s): cpu = 00:00:00 ; elapsed = 00:00:00.170 . Memory (MB): peak = 1982.309 ; gain = 2.711
INFO: [Common 17-1381] The checkpoint 'C:/EENG 484/lab4acquireToDisplay/lab4acquireToDisplay.runs/impl_1/acquireToHDMI_routed.dcp' has been generated.
Command: write_bitstream -force acquireToHDMI.bit
Attempting to get a license for feature 'Implementation' and/or device 'xc7z010'
INFO: [Common 17-349] Got license for feature 'Implementation' and/or device 'xc7z010'
Running DRC as a precondition to command write_bitstream
INFO: [IP_Flow 19-1839] IP Catalog is up to date.
INFO: [DRC 23-27] Running DRC with 2 threads
WARNING: [DRC DPIP-1] Input pipelining: DSP datapath_inst/ch1dataToPixel_inst/x_SIGNED32 input datapath_inst/ch1dataToPixel_inst/x_SIGNED32/A[29:0] is not pipelined. Pipelining DSP48 input will improve performance.
WARNING: [DRC DPIP-1] Input pipelining: DSP datapath_inst/ch2dataToPixel_inst/x_SIGNED32 input datapath_inst/ch2dataToPixel_inst/x_SIGNED32/A[29:0] is not pipelined. Pipelining DSP48 input will improve performance.
WARNING: [DRC DPOP-1] PREG Output pipelining: DSP datapath_inst/ch1dataToPixel_inst/x_SIGNED32 output datapath_inst/ch1dataToPixel_inst/x_SIGNED32/P[47:0] is not pipelined (PREG=0). Pipelining the DSP48 output will improve performance and often saves power so it is suggested whenever possible to fully pipeline this function.  If this DSP48 function was inferred, it is suggested to describe an additional register stage after this function.  If the DSP48 was instantiated in the design, it is suggested to set the PREG attribute to 1.
WARNING: [DRC DPOP-1] PREG Output pipelining: DSP datapath_inst/ch2dataToPixel_inst/x_SIGNED32 output datapath_inst/ch2dataToPixel_inst/x_SIGNED32/P[47:0] is not pipelined (PREG=0). Pipelining the DSP48 output will improve performance and often saves power so it is suggested whenever possible to fully pipeline this function.  If this DSP48 function was inferred, it is suggested to describe an additional register stage after this function.  If the DSP48 was instantiated in the design, it is suggested to set the PREG attribute to 1.
WARNING: [DRC DPOP-1] PREG Output pipelining: DSP datapath_inst/triggerVoltToPixel_inst/x_SIGNED32 output datapath_inst/triggerVoltToPixel_inst/x_SIGNED32/P[47:0] is not pipelined (PREG=0). Pipelining the DSP48 output will improve performance and often saves power so it is suggested whenever possible to fully pipeline this function.  If this DSP48 function was inferred, it is suggested to describe an additional register stage after this function.  If the DSP48 was instantiated in the design, it is suggested to set the PREG attribute to 1.
WARNING: [DRC DPOP-2] MREG Output pipelining: DSP datapath_inst/ch1dataToPixel_inst/x_SIGNED32 multiplier stage datapath_inst/ch1dataToPixel_inst/x_SIGNED32/P[47:0] is not pipelined (MREG=0). Pipelining the multiplier function will improve performance and will save significant power so it is suggested whenever possible to fully pipeline this function.  If this multiplier was inferred, it is suggested to describe an additional register stage after this function.  If there is no registered adder/accumulator following the multiply function, two pipeline stages are suggested to allow both the MREG and PREG registers to be used.  If the DSP48 was instantiated in the design, it is suggested to set both the MREG and PREG attributes to 1 when performing multiply functions.
WARNING: [DRC DPOP-2] MREG Output pipelining: DSP datapath_inst/ch2dataToPixel_inst/x_SIGNED32 multiplier stage datapath_inst/ch2dataToPixel_inst/x_SIGNED32/P[47:0] is not pipelined (MREG=0). Pipelining the multiplier function will improve performance and will save significant power so it is suggested whenever possible to fully pipeline this function.  If this multiplier was inferred, it is suggested to describe an additional register stage after this function.  If there is no registered adder/accumulator following the multiply function, two pipeline stages are suggested to allow both the MREG and PREG registers to be used.  If the DSP48 was instantiated in the design, it is suggested to set both the MREG and PREG attributes to 1 when performing multiply functions.
WARNING: [DRC DPOP-2] MREG Output pipelining: DSP datapath_inst/triggerVoltToPixel_inst/x_SIGNED32 multiplier stage datapath_inst/triggerVoltToPixel_inst/x_SIGNED32/P[47:0] is not pipelined (MREG=0). Pipelining the multiplier function will improve performance and will save significant power so it is suggested whenever possible to fully pipeline this function.  If this multiplier was inferred, it is suggested to describe an additional register stage after this function.  If there is no registered adder/accumulator following the multiply function, two pipeline stages are suggested to allow both the MREG and PREG registers to be used.  If the DSP48 was instantiated in the design, it is suggested to set both the MREG and PREG attributes to 1 when performing multiply functions.
WARNING: [DRC ZPS7-1] PS7 block required: The PS7 cell must be used in this Zynq design in order to enable correct default configuration.
INFO: [Vivado 12-3199] DRC finished with 0 Errors, 9 Warnings
INFO: [Vivado 12-3200] Please refer to the DRC report (report_drc) for more information.
INFO: [Designutils 20-2272] Running write_bitstream with 2 threads.
Loading data files...
Loading site data...
Loading route data...
Processing options...
Creating bitmap...
Creating bitstream...
Writing bitstream ./acquireToHDMI.bit...
INFO: [Vivado 12-1842] Bitgen Completed Successfully.
INFO: [Project 1-1876] WebTalk data collection is mandatory when using a ULT device. To see the specific WebTalk data collected for your design, open the usage_statistics_webtalk.html or usage_statistics_webtalk.xml file in the implementation directory.
INFO: [Common 17-83] Releasing license: Implementation
14 Infos, 9 Warnings, 0 Critical Warnings and 0 Errors encountered.
write_bitstream completed successfully
write_bitstream: Time (s): cpu = 00:00:11 ; elapsed = 00:00:10 . Memory (MB): peak = 2461.523 ; gain = 479.215
INFO: [Common 17-206] Exiting Vivado at Sun Nov  9 23:21:15 2025...
