Copyright 1986-2022 Xilinx, Inc. All Rights Reserved. Copyright 2022-2023 Advanced Micro Devices, Inc. All Rights Reserved.
---------------------------------------------------------------------------------------------------------------------------------------------
| Tool Version : Vivado v.2023.1 (win64) Build 3865809 Sun May  7 15:05:29 MDT 2023
| Date         : Mon Nov  3 12:56:33 2025
| Host         : DESKTOP-BLLF4DN running 64-bit major release  (build 9200)
| Command      : report_control_sets -verbose -file scopeToHdmi_control_sets_placed.rpt
| Design       : scopeToHdmi
| Device       : xc7z010
---------------------------------------------------------------------------------------------------------------------------------------------

Control Set Information

Table of Contents
-----------------
1. Summary
2. Histogram
3. Flip-Flop Distribution
4. Detailed Control Set Information

1. Summary
----------

+----------------------------------------------------------+-------+
|                          Status                          | Count |
+----------------------------------------------------------+-------+
| Total control sets                                       |     9 |
|    Minimum number of control sets                        |     9 |
|    Addition due to synthesis replication                 |     0 |
|    Addition due to physical synthesis replication        |     0 |
| Unused register locations in slices containing registers |    40 |
+----------------------------------------------------------+-------+
* Control sets can be merged at opt_design using control_set_merge or merge_equivalent_drivers
** Run report_qor_suggestions for automated merging and remapping suggestions


2. Histogram
------------

+--------------------+-------+
|       Fanout       | Count |
+--------------------+-------+
| Total control sets |     9 |
| >= 0 to < 4        |     1 |
| >= 4 to < 6        |     0 |
| >= 6 to < 8        |     0 |
| >= 8 to < 10       |     0 |
| >= 10 to < 12      |     5 |
| >= 12 to < 14      |     0 |
| >= 14 to < 16      |     0 |
| >= 16              |     3 |
+--------------------+-------+
* Control sets can be remapped at either synth_design or opt_design


3. Flip-Flop Distribution
-------------------------

+--------------+-----------------------+------------------------+-----------------+--------------+
| Clock Enable | Synchronous Set/Reset | Asynchronous Set/Reset | Total Registers | Total Slices |
+--------------+-----------------------+------------------------+-----------------+--------------+
| No           | No                    | No                     |             132 |           53 |
| No           | No                    | Yes                    |              42 |           22 |
| No           | Yes                   | No                     |              22 |           10 |
| Yes          | No                    | No                     |               3 |            1 |
| Yes          | No                    | Yes                    |               0 |            0 |
| Yes          | Yes                   | No                     |              33 |           11 |
+--------------+-----------------------+------------------------+-----------------+--------------+


4. Detailed Control Set Information
-----------------------------------

+-------------------+---------------------------+---------------------------+------------------+----------------+--------------+
|    Clock Signal   |       Enable Signal       |      Set/Reset Signal     | Slice Load Count | Bel Load Count | Bels / Slice |
+-------------------+---------------------------+---------------------------+------------------+----------------+--------------+
|  sysClk_IBUF_BUFG | btnTemp                   |                           |                1 |              3 |         3.00 |
|  vc/inst/clk_out1 |                           | vsg/rst                   |                7 |             11 |         1.57 |
|  vc/inst/clk_out1 |                           | vsg/h_cnt[10]_i_1_n_0     |                3 |             11 |         3.67 |
|  vc/inst/clk_out1 | vsg/pixelVert[10]_i_1_n_0 | vsg/rst                   |                4 |             11 |         2.75 |
|  vc/inst/clk_out1 | vsg/geqOp                 | vsg/rst                   |                4 |             11 |         2.75 |
|  vc/inst/clk_out1 | vsg/eqOp3_in              | vsg/v_cnt[10]_i_1_n_0     |                3 |             11 |         3.67 |
|  vc/inst/clk_out1 |                           | hdmi_inst/inst/encr/AR[0] |               22 |             42 |         1.91 |
|  sysClk_IBUF_BUFG |                           |                           |               22 |             44 |         2.00 |
|  vc/inst/clk_out1 |                           |                           |               34 |            116 |         3.41 |
+-------------------+---------------------------+---------------------------+------------------+----------------+--------------+


