Copyright 1986-2022 Xilinx, Inc. All Rights Reserved. Copyright 2022-2025 Advanced Micro Devices, Inc. All Rights Reserved.
---------------------------------------------------------------------------------------------------------------------------------------------
| Tool Version : Vivado v.2025.1 (win64) Build 6140274 Thu May 22 00:12:29 MDT 2025
| Date         : Tue Dec  9 13:30:42 2025
| Host         : DESKTOP-BLLF4DN running 64-bit major release  (build 9200)
| Command      : upgrade_ip
| Device       : xc7z010clg400-1
---------------------------------------------------------------------------------------------------------------------------------------------

Upgrade Log for IP 'acquireToHDMIwithZynq_acquireToDisplay_AXI_0_0'

1. Summary
----------

SUCCESS in the upgrade of acquireToHDMIwithZynq_acquireToDisplay_AXI_0_0 (xilinx.com:user:acquireToDisplay_AXI:1.0) from (Rev. 9) to (Rev. 10)






Copyright 1986-2022 Xilinx, Inc. All Rights Reserved. Copyright 2022-2025 Advanced Micro Devices, Inc. All Rights Reserved.
---------------------------------------------------------------------------------------------------------------------------------------------
| Tool Version : Vivado v.2025.1 (win64) Build 6140274 Thu May 22 00:12:29 MDT 2025
| Date         : Mon Dec  8 21:05:24 2025
| Host         : DESKTOP-BLLF4DN running 64-bit major release  (build 9200)
| Command      : upgrade_ip
| Device       : xc7z010clg400-1
---------------------------------------------------------------------------------------------------------------------------------------------

Upgrade Log for IP 'acquireToHDMIwithZynq_acquireToDisplay_AXI_0_0'

1. Summary
----------

SUCCESS in the upgrade of acquireToHDMIwithZynq_acquireToDisplay_AXI_0_0 (xilinx.com:user:acquireToDisplay_AXI:1.0) from (Rev. 7) to (Rev. 9)






Copyright 1986-2022 Xilinx, Inc. All Rights Reserved. Copyright 2022-2025 Advanced Micro Devices, Inc. All Rights Reserved.
---------------------------------------------------------------------------------------------------------------------------------------------
| Tool Version : Vivado v.2025.1 (win64) Build 6140274 Thu May 22 00:12:29 MDT 2025
| Date         : Mon Dec  8 14:44:35 2025
| Host         : DESKTOP-BLLF4DN running 64-bit major release  (build 9200)
| Command      : upgrade_ip
| Device       : xc7z010clg400-1
---------------------------------------------------------------------------------------------------------------------------------------------

Upgrade Log for IP 'acquireToHDMIwithZynq_acquireToDisplay_AXI_0_0'

1. Summary
----------

SUCCESS in the upgrade of acquireToHDMIwithZynq_acquireToDisplay_AXI_0_0 (xilinx.com:user:acquireToDisplay_AXI:1.0) from (Rev. 6) to (Rev. 7)






Copyright 1986-2022 Xilinx, Inc. All Rights Reserved. Copyright 2022-2025 Advanced Micro Devices, Inc. All Rights Reserved.
---------------------------------------------------------------------------------------------------------------------------------------------
| Tool Version : Vivado v.2025.1 (win64) Build 6140274 Thu May 22 00:12:29 MDT 2025
| Date         : Mon Dec  8 12:10:28 2025
| Host         : DESKTOP-BLLF4DN running 64-bit major release  (build 9200)
| Command      : upgrade_ip
| Device       : xc7z010clg400-1
---------------------------------------------------------------------------------------------------------------------------------------------

Upgrade Log for IP 'acquireToHDMIwithZynq_acquireToDisplay_AXI_0_0'

1. Summary
----------

SUCCESS in the upgrade of acquireToHDMIwithZynq_acquireToDisplay_AXI_0_0 (xilinx.com:user:acquireToDisplay_AXI:1.0) from (Rev. 5) to (Rev. 6)






Copyright 1986-2022 Xilinx, Inc. All Rights Reserved. Copyright 2022-2025 Advanced Micro Devices, Inc. All Rights Reserved.
---------------------------------------------------------------------------------------------------------------------------------------------
| Tool Version : Vivado v.2025.1 (win64) Build 6140274 Thu May 22 00:12:29 MDT 2025
| Date         : Mon Dec  8 10:42:51 2025
| Host         : DESKTOP-BLLF4DN running 64-bit major release  (build 9200)
| Command      : upgrade_ip
| Device       : xc7z010clg400-1
---------------------------------------------------------------------------------------------------------------------------------------------

Upgrade Log for IP 'acquireToHDMIwithZynq_acquireToDisplay_AXI_0_0'

1. Summary
----------

SUCCESS in the upgrade of acquireToHDMIwithZynq_acquireToDisplay_AXI_0_0 (xilinx.com:user:acquireToDisplay_AXI:1.0) from (Rev. 4) to (Rev. 5)






Copyright 1986-2022 Xilinx, Inc. All Rights Reserved. Copyright 2022-2025 Advanced Micro Devices, Inc. All Rights Reserved.
---------------------------------------------------------------------------------------------------------------------------------------------
| Tool Version : Vivado v.2025.1 (win64) Build 6140274 Thu May 22 00:12:29 MDT 2025
| Date         : Sun Dec  7 14:23:22 2025
| Host         : DESKTOP-BLLF4DN running 64-bit major release  (build 9200)
| Command      : upgrade_ip
| Device       : xc7z010clg400-1
---------------------------------------------------------------------------------------------------------------------------------------------

Upgrade Log for IP 'acquireToHDMIwithZynq_acquireToDisplay_AXI_0_0'

1. Summary
----------

SUCCESS in the upgrade of acquireToHDMIwithZynq_acquireToDisplay_AXI_0_0 (xilinx.com:user:acquireToDisplay_AXI:1.0) from (Rev. 3) to (Rev. 4)






Copyright 1986-2022 Xilinx, Inc. All Rights Reserved. Copyright 2022-2025 Advanced Micro Devices, Inc. All Rights Reserved.
---------------------------------------------------------------------------------------------------------------------------------------------
| Tool Version : Vivado v.2025.1 (win64) Build 6140274 Thu May 22 00:12:29 MDT 2025
| Date         : Sun Dec  7 13:59:54 2025
| Host         : DESKTOP-BLLF4DN running 64-bit major release  (build 9200)
| Command      : upgrade_ip
| Device       : xc7z010clg400-1
---------------------------------------------------------------------------------------------------------------------------------------------

Upgrade Log for IP 'acquireToHDMIwithZynq_acquireToDisplay_AXI_0_0'

1. Summary
----------

SUCCESS in the upgrade of acquireToHDMIwithZynq_acquireToDisplay_AXI_0_0 (xilinx.com:user:acquireToDisplay_AXI:1.0) from (Rev. 2) to (Rev. 3)

