Copyright 1986-2022 Xilinx, Inc. All Rights Reserved. Copyright 2022-2025 Advanced Micro Devices, Inc. All Rights Reserved.
---------------------------------------------------------------------------------------------------------------------------------------------------------------------------------
| Tool Version : Vivado v.2025.1 (win64) Build 6140274 Thu May 22 00:12:29 MDT 2025
| Date         : Tue Dec  9 13:35:53 2025
| Host         : DESKTOP-BLLF4DN running 64-bit major release  (build 9200)
| Command      : report_drc -file acquireToHDMIwithZynq_wrapper_drc_routed.rpt -pb acquireToHDMIwithZynq_wrapper_drc_routed.pb -rpx acquireToHDMIwithZynq_wrapper_drc_routed.rpx
| Design       : acquireToHDMIwithZynq_wrapper
| Device       : xc7z010clg400-1
| Speed File   : -1
| Design State : Fully Routed
---------------------------------------------------------------------------------------------------------------------------------------------------------------------------------

Report DRC

Table of Contents
-----------------
1. REPORT SUMMARY
2. REPORT DETAILS

1. REPORT SUMMARY
-----------------
            Netlist: netlist
          Floorplan: design_1
      Design limits: <entire design considered>
           Ruledeck: default
             Max checks: <unlimited>
             Checks found: 10
+-----------+----------+------------------------+--------+
| Rule      | Severity | Description            | Checks |
+-----------+----------+------------------------+--------+
| DPIP-1    | Warning  | Input pipelining       | 3      |
| DPOP-1    | Warning  | PREG Output pipelining | 3      |
| DPOP-2    | Warning  | MREG Output pipelining | 3      |
| RTSTAT-10 | Warning  | No routable loads      | 1      |
+-----------+----------+------------------------+--------+

2. REPORT DETAILS
-----------------
DPIP-1#1 Warning
Input pipelining  
DSP acquireToHDMIwithZynq_i/acquireToDisplay_AXI_0/U0/acquireToDisplay_AXI_slave_lite_v1_0_S00_AXI_inst/oscilloscope_inst/datapath_inst/ch1dataToPixel_inst/x_SIGNED32 input acquireToHDMIwithZynq_i/acquireToDisplay_AXI_0/U0/acquireToDisplay_AXI_slave_lite_v1_0_S00_AXI_inst/oscilloscope_inst/datapath_inst/ch1dataToPixel_inst/x_SIGNED32/A[29:0] is not pipelined. Pipelining DSP48 input will improve performance.
Related violations: <none>

DPIP-1#2 Warning
Input pipelining  
DSP acquireToHDMIwithZynq_i/acquireToDisplay_AXI_0/U0/acquireToDisplay_AXI_slave_lite_v1_0_S00_AXI_inst/oscilloscope_inst/datapath_inst/ch2dataToPixel_inst/x_SIGNED32 input acquireToHDMIwithZynq_i/acquireToDisplay_AXI_0/U0/acquireToDisplay_AXI_slave_lite_v1_0_S00_AXI_inst/oscilloscope_inst/datapath_inst/ch2dataToPixel_inst/x_SIGNED32/A[29:0] is not pipelined. Pipelining DSP48 input will improve performance.
Related violations: <none>

DPIP-1#3 Warning
Input pipelining  
DSP acquireToHDMIwithZynq_i/acquireToDisplay_AXI_0/U0/acquireToDisplay_AXI_slave_lite_v1_0_S00_AXI_inst/oscilloscope_inst/datapath_inst/triggerVoltToPixel_inst/x_SIGNED32 input acquireToHDMIwithZynq_i/acquireToDisplay_AXI_0/U0/acquireToDisplay_AXI_slave_lite_v1_0_S00_AXI_inst/oscilloscope_inst/datapath_inst/triggerVoltToPixel_inst/x_SIGNED32/A[29:0] is not pipelined. Pipelining DSP48 input will improve performance.
Related violations: <none>

DPOP-1#1 Warning
PREG Output pipelining  
DSP acquireToHDMIwithZynq_i/acquireToDisplay_AXI_0/U0/acquireToDisplay_AXI_slave_lite_v1_0_S00_AXI_inst/oscilloscope_inst/datapath_inst/ch1dataToPixel_inst/x_SIGNED32 output acquireToHDMIwithZynq_i/acquireToDisplay_AXI_0/U0/acquireToDisplay_AXI_slave_lite_v1_0_S00_AXI_inst/oscilloscope_inst/datapath_inst/ch1dataToPixel_inst/x_SIGNED32/P[47:0] is not pipelined (PREG=0). Pipelining the DSP48 output will improve performance and often saves power so it is suggested whenever possible to fully pipeline this function.  If this DSP48 function was inferred, it is suggested to describe an additional register stage after this function.  If the DSP48 was instantiated in the design, it is suggested to set the PREG attribute to 1.
Related violations: <none>

DPOP-1#2 Warning
PREG Output pipelining  
DSP acquireToHDMIwithZynq_i/acquireToDisplay_AXI_0/U0/acquireToDisplay_AXI_slave_lite_v1_0_S00_AXI_inst/oscilloscope_inst/datapath_inst/ch2dataToPixel_inst/x_SIGNED32 output acquireToHDMIwithZynq_i/acquireToDisplay_AXI_0/U0/acquireToDisplay_AXI_slave_lite_v1_0_S00_AXI_inst/oscilloscope_inst/datapath_inst/ch2dataToPixel_inst/x_SIGNED32/P[47:0] is not pipelined (PREG=0). Pipelining the DSP48 output will improve performance and often saves power so it is suggested whenever possible to fully pipeline this function.  If this DSP48 function was inferred, it is suggested to describe an additional register stage after this function.  If the DSP48 was instantiated in the design, it is suggested to set the PREG attribute to 1.
Related violations: <none>

DPOP-1#3 Warning
PREG Output pipelining  
DSP acquireToHDMIwithZynq_i/acquireToDisplay_AXI_0/U0/acquireToDisplay_AXI_slave_lite_v1_0_S00_AXI_inst/oscilloscope_inst/datapath_inst/triggerVoltToPixel_inst/x_SIGNED32 output acquireToHDMIwithZynq_i/acquireToDisplay_AXI_0/U0/acquireToDisplay_AXI_slave_lite_v1_0_S00_AXI_inst/oscilloscope_inst/datapath_inst/triggerVoltToPixel_inst/x_SIGNED32/P[47:0] is not pipelined (PREG=0). Pipelining the DSP48 output will improve performance and often saves power so it is suggested whenever possible to fully pipeline this function.  If this DSP48 function was inferred, it is suggested to describe an additional register stage after this function.  If the DSP48 was instantiated in the design, it is suggested to set the PREG attribute to 1.
Related violations: <none>

DPOP-2#1 Warning
MREG Output pipelining  
DSP acquireToHDMIwithZynq_i/acquireToDisplay_AXI_0/U0/acquireToDisplay_AXI_slave_lite_v1_0_S00_AXI_inst/oscilloscope_inst/datapath_inst/ch1dataToPixel_inst/x_SIGNED32 multiplier stage acquireToHDMIwithZynq_i/acquireToDisplay_AXI_0/U0/acquireToDisplay_AXI_slave_lite_v1_0_S00_AXI_inst/oscilloscope_inst/datapath_inst/ch1dataToPixel_inst/x_SIGNED32/P[47:0] is not pipelined (MREG=0). Pipelining the multiplier function will improve performance and will save significant power so it is suggested whenever possible to fully pipeline this function.  If this multiplier was inferred, it is suggested to describe an additional register stage after this function.  If there is no registered adder/accumulator following the multiply function, two pipeline stages are suggested to allow both the MREG and PREG registers to be used.  If the DSP48 was instantiated in the design, it is suggested to set both the MREG and PREG attributes to 1 when performing multiply functions.
Related violations: <none>

DPOP-2#2 Warning
MREG Output pipelining  
DSP acquireToHDMIwithZynq_i/acquireToDisplay_AXI_0/U0/acquireToDisplay_AXI_slave_lite_v1_0_S00_AXI_inst/oscilloscope_inst/datapath_inst/ch2dataToPixel_inst/x_SIGNED32 multiplier stage acquireToHDMIwithZynq_i/acquireToDisplay_AXI_0/U0/acquireToDisplay_AXI_slave_lite_v1_0_S00_AXI_inst/oscilloscope_inst/datapath_inst/ch2dataToPixel_inst/x_SIGNED32/P[47:0] is not pipelined (MREG=0). Pipelining the multiplier function will improve performance and will save significant power so it is suggested whenever possible to fully pipeline this function.  If this multiplier was inferred, it is suggested to describe an additional register stage after this function.  If there is no registered adder/accumulator following the multiply function, two pipeline stages are suggested to allow both the MREG and PREG registers to be used.  If the DSP48 was instantiated in the design, it is suggested to set both the MREG and PREG attributes to 1 when performing multiply functions.
Related violations: <none>

DPOP-2#3 Warning
MREG Output pipelining  
DSP acquireToHDMIwithZynq_i/acquireToDisplay_AXI_0/U0/acquireToDisplay_AXI_slave_lite_v1_0_S00_AXI_inst/oscilloscope_inst/datapath_inst/triggerVoltToPixel_inst/x_SIGNED32 multiplier stage acquireToHDMIwithZynq_i/acquireToDisplay_AXI_0/U0/acquireToDisplay_AXI_slave_lite_v1_0_S00_AXI_inst/oscilloscope_inst/datapath_inst/triggerVoltToPixel_inst/x_SIGNED32/P[47:0] is not pipelined (MREG=0). Pipelining the multiplier function will improve performance and will save significant power so it is suggested whenever possible to fully pipeline this function.  If this multiplier was inferred, it is suggested to describe an additional register stage after this function.  If there is no registered adder/accumulator following the multiply function, two pipeline stages are suggested to allow both the MREG and PREG registers to be used.  If the DSP48 was instantiated in the design, it is suggested to set both the MREG and PREG attributes to 1 when performing multiply functions.
Related violations: <none>

RTSTAT-10#1 Warning
No routable loads  
20 net(s) have no routable loads. The problem bus(es) and/or net(s) are acquireToHDMIwithZynq_i/axi_smc/inst/m00_nodes/m00_aw_node/inst/mi_handler_m_sc_areset_pipe,
acquireToHDMIwithZynq_i/axi_smc/inst/m00_nodes/m00_b_node/inst/mi_handler_m_sc_areset_pipe,
acquireToHDMIwithZynq_i/axi_smc/inst/m00_nodes/m00_r_node/inst/mi_handler_m_sc_areset_pipe,
acquireToHDMIwithZynq_i/axi_smc/inst/m00_nodes/m00_w_node/inst/mi_handler_m_sc_areset_pipe,
acquireToHDMIwithZynq_i/axi_smc/inst/m01_nodes/m01_ar_node/inst/mi_handler_m_sc_areset_pipe,
acquireToHDMIwithZynq_i/axi_smc/inst/m01_nodes/m01_aw_node/inst/mi_handler_m_sc_areset_pipe,
acquireToHDMIwithZynq_i/axi_smc/inst/m01_nodes/m01_b_node/inst/mi_handler_m_sc_areset_pipe,
acquireToHDMIwithZynq_i/axi_smc/inst/m01_nodes/m01_w_node/inst/mi_handler_m_sc_areset_pipe,
acquireToHDMIwithZynq_i/axi_smc/inst/m02_nodes/m02_aw_node/inst/mi_handler_m_sc_areset_pipe,
acquireToHDMIwithZynq_i/axi_smc/inst/m02_nodes/m02_b_node/inst/mi_handler_m_sc_areset_pipe,
acquireToHDMIwithZynq_i/axi_smc/inst/m02_nodes/m02_r_node/inst/mi_handler_m_sc_areset_pipe,
acquireToHDMIwithZynq_i/axi_smc/inst/m02_nodes/m02_w_node/inst/mi_handler_m_sc_areset_pipe,
acquireToHDMIwithZynq_i/axi_smc/inst/s00_nodes/s00_b_node/inst/mi_handler_m_sc_areset_pipe,
acquireToHDMIwithZynq_i/axi_smc/inst/s00_nodes/s00_r_node/inst/mi_handler_m_sc_areset_pipe,
acquireToHDMIwithZynq_i/axi_smc/inst/s00_nodes/s00_w_node/inst/mi_handler_m_sc_areset_pipe
 (the first 15 of 20 listed nets/buses).
Related violations: <none>


