Copyright 1986-2022 Xilinx, Inc. All Rights Reserved. Copyright 2022-2025 Advanced Micro Devices, Inc. All Rights Reserved.
-----------------------------------------------------------------------------------------------------------------------------------------------------------------------------------------------------------------------------
| Tool Version : Vivado v.2025.1 (win64) Build 6140274 Thu May 22 00:12:29 MDT 2025
| Date         : Tue Dec  9 13:35:57 2025
| Host         : DESKTOP-BLLF4DN running 64-bit major release  (build 9200)
| Command      : report_methodology -file acquireToHDMIwithZynq_wrapper_methodology_drc_routed.rpt -pb acquireToHDMIwithZynq_wrapper_methodology_drc_routed.pb -rpx acquireToHDMIwithZynq_wrapper_methodology_drc_routed.rpx
| Design       : acquireToHDMIwithZynq_wrapper
| Device       : xc7z010clg400-1
| Speed File   : -1
| Design State : Fully Routed
-----------------------------------------------------------------------------------------------------------------------------------------------------------------------------------------------------------------------------

Report Methodology

Table of Contents
-----------------
1. REPORT SUMMARY
2. REPORT DETAILS

1. REPORT SUMMARY
-----------------
            Netlist: netlist
          Floorplan: design_1
      Design limits: <entire design considered>
             Max checks: <unlimited>
             Checks found: 99
+-----------+------------------+-----------------------------------------------------------+--------+
| Rule      | Severity         | Description                                               | Checks |
+-----------+------------------+-----------------------------------------------------------+--------+
| TIMING-4  | Critical Warning | Invalid primary clock redefinition on a clock tree        | 1      |
| TIMING-6  | Critical Warning | No common primary clock between related clocks            | 1      |
| TIMING-7  | Critical Warning | No common node between related clocks                     | 1      |
| TIMING-27 | Critical Warning | Invalid primary clock on hierarchical pin                 | 1      |
| TIMING-51 | Critical Warning | No common phase between related clocks from parallel CMBs | 1      |
| LUTAR-1   | Warning          | LUT drives async reset alert                              | 1      |
| TIMING-16 | Warning          | Large setup violation                                     | 68     |
| TIMING-18 | Warning          | Missing input or output delay                             | 25     |
+-----------+------------------+-----------------------------------------------------------+--------+

2. REPORT DETAILS
-----------------
TIMING-4#1 Critical Warning
Invalid primary clock redefinition on a clock tree  
Invalid clock redefinition on a clock tree. The primary clock acquireToHDMIwithZynq_i/acquireToDisplay_AXI_0/U0/acquireToDisplay_AXI_slave_lite_v1_0_S00_AXI_inst/oscilloscope_inst/datapath_inst/vc/inst/clk_in1 is defined downstream of clock clk_fpga_0 and overrides its insertion delay and/or waveform definition
Related violations: <none>

TIMING-6#1 Critical Warning
No common primary clock between related clocks  
The clocks clk_fpga_0 and clk_out1_clk_wiz_0 are related (timed together) but they have no common primary clock. The design could fail in hardware. To find a timing path between these clocks, run the following command: report_timing -from [get_clocks clk_fpga_0] -to [get_clocks clk_out1_clk_wiz_0]
Related violations: <none>

TIMING-7#1 Critical Warning
No common node between related clocks  
The clocks clk_fpga_0 and clk_out1_clk_wiz_0 are related (timed together) but they have no common node. The design could fail in hardware. To find a timing path between these clocks, run the following command: report_timing -from [get_clocks clk_fpga_0] -to [get_clocks clk_out1_clk_wiz_0]
Related violations: <none>

TIMING-27#1 Critical Warning
Invalid primary clock on hierarchical pin  
A primary clock acquireToHDMIwithZynq_i/acquireToDisplay_AXI_0/U0/acquireToDisplay_AXI_slave_lite_v1_0_S00_AXI_inst/oscilloscope_inst/datapath_inst/vc/inst/clk_in1 is created on an inappropriate internal pin acquireToHDMIwithZynq_i/acquireToDisplay_AXI_0/U0/acquireToDisplay_AXI_slave_lite_v1_0_S00_AXI_inst/oscilloscope_inst/datapath_inst/vc/inst/clk_in1. It is not recommended to create a primary clock on a hierarchical pin when its driver pin has a fanout connected to multiple clock pins
Related violations: <none>

TIMING-51#1 Critical Warning
No common phase between related clocks from parallel CMBs  
The clocks clk_fpga_0 and clk_out1_clk_wiz_0 are timed together but have no phase relationship. The design could fail in hardware. The clocks originate from two parallel Clock Modifying Blocks and at least one of the MMCM or PLLs clock dividers is not set to 1. To be safely timed, all MMCMs or PLLs involved in parallel clocking must have the clock divider set to 1.
Related violations: <none>

LUTAR-1#1 Warning
LUT drives async reset alert  
LUT cell acquireToHDMIwithZynq_i/acquireToDisplay_AXI_0/U0/acquireToDisplay_AXI_slave_lite_v1_0_S00_AXI_inst/oscilloscope_inst/datapath_inst/hdmi0_inst/inst/encr/oserdes_m_i_1, with 2 or more inputs, drives asynchronous preset/clear pin(s) acquireToHDMIwithZynq_i/acquireToDisplay_AXI_0/U0/acquireToDisplay_AXI_slave_lite_v1_0_S00_AXI_inst/oscilloscope_inst/datapath_inst/hdmi0_inst/inst/encg/dout_reg[9]/CLR,
acquireToHDMIwithZynq_i/acquireToDisplay_AXI_0/U0/acquireToDisplay_AXI_slave_lite_v1_0_S00_AXI_inst/oscilloscope_inst/datapath_inst/hdmi0_inst/inst/encr/cnt_reg[1]/CLR,
acquireToHDMIwithZynq_i/acquireToDisplay_AXI_0/U0/acquireToDisplay_AXI_slave_lite_v1_0_S00_AXI_inst/oscilloscope_inst/datapath_inst/hdmi0_inst/inst/encr/cnt_reg[2]/CLR,
acquireToHDMIwithZynq_i/acquireToDisplay_AXI_0/U0/acquireToDisplay_AXI_slave_lite_v1_0_S00_AXI_inst/oscilloscope_inst/datapath_inst/hdmi0_inst/inst/encr/cnt_reg[3]/CLR,
acquireToHDMIwithZynq_i/acquireToDisplay_AXI_0/U0/acquireToDisplay_AXI_slave_lite_v1_0_S00_AXI_inst/oscilloscope_inst/datapath_inst/hdmi0_inst/inst/encr/cnt_reg[4]/CLR,
acquireToHDMIwithZynq_i/acquireToDisplay_AXI_0/U0/acquireToDisplay_AXI_slave_lite_v1_0_S00_AXI_inst/oscilloscope_inst/datapath_inst/hdmi0_inst/inst/encr/dout_reg[0]/CLR,
acquireToHDMIwithZynq_i/acquireToDisplay_AXI_0/U0/acquireToDisplay_AXI_slave_lite_v1_0_S00_AXI_inst/oscilloscope_inst/datapath_inst/hdmi0_inst/inst/encr/dout_reg[1]/CLR,
acquireToHDMIwithZynq_i/acquireToDisplay_AXI_0/U0/acquireToDisplay_AXI_slave_lite_v1_0_S00_AXI_inst/oscilloscope_inst/datapath_inst/hdmi0_inst/inst/encr/dout_reg[2]/CLR,
acquireToHDMIwithZynq_i/acquireToDisplay_AXI_0/U0/acquireToDisplay_AXI_slave_lite_v1_0_S00_AXI_inst/oscilloscope_inst/datapath_inst/hdmi0_inst/inst/encr/dout_reg[3]/CLR,
acquireToHDMIwithZynq_i/acquireToDisplay_AXI_0/U0/acquireToDisplay_AXI_slave_lite_v1_0_S00_AXI_inst/oscilloscope_inst/datapath_inst/hdmi0_inst/inst/encr/dout_reg[4]/CLR,
acquireToHDMIwithZynq_i/acquireToDisplay_AXI_0/U0/acquireToDisplay_AXI_slave_lite_v1_0_S00_AXI_inst/oscilloscope_inst/datapath_inst/hdmi0_inst/inst/encr/dout_reg[5]/CLR,
acquireToHDMIwithZynq_i/acquireToDisplay_AXI_0/U0/acquireToDisplay_AXI_slave_lite_v1_0_S00_AXI_inst/oscilloscope_inst/datapath_inst/hdmi0_inst/inst/encr/dout_reg[6]/CLR,
acquireToHDMIwithZynq_i/acquireToDisplay_AXI_0/U0/acquireToDisplay_AXI_slave_lite_v1_0_S00_AXI_inst/oscilloscope_inst/datapath_inst/hdmi0_inst/inst/encr/dout_reg[7]/CLR,
acquireToHDMIwithZynq_i/acquireToDisplay_AXI_0/U0/acquireToDisplay_AXI_slave_lite_v1_0_S00_AXI_inst/oscilloscope_inst/datapath_inst/hdmi0_inst/inst/encr/dout_reg[8]/CLR,
acquireToHDMIwithZynq_i/acquireToDisplay_AXI_0/U0/acquireToDisplay_AXI_slave_lite_v1_0_S00_AXI_inst/oscilloscope_inst/datapath_inst/hdmi0_inst/inst/encr/dout_reg[9]/CLR
 (the first 15 of 42 listed). The LUT may glitch and trigger an unexpected reset, even if it is a properly timed path.
Related violations: <none>

TIMING-16#1 Warning
Large setup violation  
There is a large setup violation of -11.783 ns between acquireToHDMIwithZynq_i/acquireToDisplay_AXI_0/U0/acquireToDisplay_AXI_slave_lite_v1_0_S00_AXI_inst/slv_reg8_reg[13]/C (clocked by clk_fpga_0) and acquireToHDMIwithZynq_i/acquireToDisplay_AXI_0/U0/acquireToDisplay_AXI_slave_lite_v1_0_S00_AXI_inst/oscilloscope_inst/datapath_inst/scopeFace_inst/blue_reg[0]/D (clocked by clk_out1_clk_wiz_0). Large setup violations at the end of those stages might be difficult to fix during the post-placement implementation flow and could be the result of non-optimal XDC constraints or non-optimal design architecture
Related violations: <none>

TIMING-16#2 Warning
Large setup violation  
There is a large setup violation of -12.211 ns between acquireToHDMIwithZynq_i/acquireToDisplay_AXI_0/U0/acquireToDisplay_AXI_slave_lite_v1_0_S00_AXI_inst/slv_reg8_reg[13]/C (clocked by clk_fpga_0) and acquireToHDMIwithZynq_i/acquireToDisplay_AXI_0/U0/acquireToDisplay_AXI_slave_lite_v1_0_S00_AXI_inst/oscilloscope_inst/datapath_inst/scopeFace_inst/red_reg[0]/D (clocked by clk_out1_clk_wiz_0). Large setup violations at the end of those stages might be difficult to fix during the post-placement implementation flow and could be the result of non-optimal XDC constraints or non-optimal design architecture
Related violations: <none>

TIMING-16#3 Warning
Large setup violation  
There is a large setup violation of -12.215 ns between acquireToHDMIwithZynq_i/acquireToDisplay_AXI_0/U0/acquireToDisplay_AXI_slave_lite_v1_0_S00_AXI_inst/slv_reg8_reg[13]/C (clocked by clk_fpga_0) and acquireToHDMIwithZynq_i/acquireToDisplay_AXI_0/U0/acquireToDisplay_AXI_slave_lite_v1_0_S00_AXI_inst/oscilloscope_inst/datapath_inst/scopeFace_inst/red_reg[3]/D (clocked by clk_out1_clk_wiz_0). Large setup violations at the end of those stages might be difficult to fix during the post-placement implementation flow and could be the result of non-optimal XDC constraints or non-optimal design architecture
Related violations: <none>

TIMING-16#4 Warning
Large setup violation  
There is a large setup violation of -12.270 ns between acquireToHDMIwithZynq_i/acquireToDisplay_AXI_0/U0/acquireToDisplay_AXI_slave_lite_v1_0_S00_AXI_inst/slv_reg8_reg[13]/C (clocked by clk_fpga_0) and acquireToHDMIwithZynq_i/acquireToDisplay_AXI_0/U0/acquireToDisplay_AXI_slave_lite_v1_0_S00_AXI_inst/oscilloscope_inst/datapath_inst/scopeFace_inst/green_reg[0]/D (clocked by clk_out1_clk_wiz_0). Large setup violations at the end of those stages might be difficult to fix during the post-placement implementation flow and could be the result of non-optimal XDC constraints or non-optimal design architecture
Related violations: <none>

TIMING-16#5 Warning
Large setup violation  
There is a large setup violation of -12.273 ns between acquireToHDMIwithZynq_i/acquireToDisplay_AXI_0/U0/acquireToDisplay_AXI_slave_lite_v1_0_S00_AXI_inst/slv_reg8_reg[13]/C (clocked by clk_fpga_0) and acquireToHDMIwithZynq_i/acquireToDisplay_AXI_0/U0/acquireToDisplay_AXI_slave_lite_v1_0_S00_AXI_inst/oscilloscope_inst/datapath_inst/scopeFace_inst/green_reg[7]/D (clocked by clk_out1_clk_wiz_0). Large setup violations at the end of those stages might be difficult to fix during the post-placement implementation flow and could be the result of non-optimal XDC constraints or non-optimal design architecture
Related violations: <none>

TIMING-16#6 Warning
Large setup violation  
There is a large setup violation of -12.278 ns between acquireToHDMIwithZynq_i/acquireToDisplay_AXI_0/U0/acquireToDisplay_AXI_slave_lite_v1_0_S00_AXI_inst/slv_reg8_reg[13]/C (clocked by clk_fpga_0) and acquireToHDMIwithZynq_i/acquireToDisplay_AXI_0/U0/acquireToDisplay_AXI_slave_lite_v1_0_S00_AXI_inst/oscilloscope_inst/datapath_inst/scopeFace_inst/green_reg[3]/D (clocked by clk_out1_clk_wiz_0). Large setup violations at the end of those stages might be difficult to fix during the post-placement implementation flow and could be the result of non-optimal XDC constraints or non-optimal design architecture
Related violations: <none>

TIMING-16#7 Warning
Large setup violation  
There is a large setup violation of -12.355 ns between acquireToHDMIwithZynq_i/acquireToDisplay_AXI_0/U0/acquireToDisplay_AXI_slave_lite_v1_0_S00_AXI_inst/slv_reg8_reg[13]/C (clocked by clk_fpga_0) and acquireToHDMIwithZynq_i/acquireToDisplay_AXI_0/U0/acquireToDisplay_AXI_slave_lite_v1_0_S00_AXI_inst/oscilloscope_inst/datapath_inst/scopeFace_inst/blue_reg[3]/D (clocked by clk_out1_clk_wiz_0). Large setup violations at the end of those stages might be difficult to fix during the post-placement implementation flow and could be the result of non-optimal XDC constraints or non-optimal design architecture
Related violations: <none>

TIMING-16#8 Warning
Large setup violation  
There is a large setup violation of -5.393 ns between acquireToHDMIwithZynq_i/rst_ps7_0_50M/U0/ACTIVE_LOW_PR_OUT_DFF[0].FDRE_PER_N/C (clocked by clk_fpga_0) and acquireToHDMIwithZynq_i/acquireToDisplay_AXI_0/U0/acquireToDisplay_AXI_slave_lite_v1_0_S00_AXI_inst/oscilloscope_inst/datapath_inst/videoSigGen_inst/pixelVert_reg[9]/R (clocked by clk_out1_clk_wiz_0). Large setup violations at the end of those stages might be difficult to fix during the post-placement implementation flow and could be the result of non-optimal XDC constraints or non-optimal design architecture
Related violations: <none>

TIMING-16#9 Warning
Large setup violation  
There is a large setup violation of -5.458 ns between acquireToHDMIwithZynq_i/rst_ps7_0_50M/U0/ACTIVE_LOW_PR_OUT_DFF[0].FDRE_PER_N/C (clocked by clk_fpga_0) and acquireToHDMIwithZynq_i/acquireToDisplay_AXI_0/U0/acquireToDisplay_AXI_slave_lite_v1_0_S00_AXI_inst/oscilloscope_inst/datapath_inst/videoSigGen_inst/pixelHorz_reg[0]/R (clocked by clk_out1_clk_wiz_0). Large setup violations at the end of those stages might be difficult to fix during the post-placement implementation flow and could be the result of non-optimal XDC constraints or non-optimal design architecture
Related violations: <none>

TIMING-16#10 Warning
Large setup violation  
There is a large setup violation of -5.458 ns between acquireToHDMIwithZynq_i/rst_ps7_0_50M/U0/ACTIVE_LOW_PR_OUT_DFF[0].FDRE_PER_N/C (clocked by clk_fpga_0) and acquireToHDMIwithZynq_i/acquireToDisplay_AXI_0/U0/acquireToDisplay_AXI_slave_lite_v1_0_S00_AXI_inst/oscilloscope_inst/datapath_inst/videoSigGen_inst/pixelHorz_reg[7]/R (clocked by clk_out1_clk_wiz_0). Large setup violations at the end of those stages might be difficult to fix during the post-placement implementation flow and could be the result of non-optimal XDC constraints or non-optimal design architecture
Related violations: <none>

TIMING-16#11 Warning
Large setup violation  
There is a large setup violation of -5.482 ns between acquireToHDMIwithZynq_i/rst_ps7_0_50M/U0/ACTIVE_LOW_PR_OUT_DFF[0].FDRE_PER_N/C (clocked by clk_fpga_0) and acquireToHDMIwithZynq_i/acquireToDisplay_AXI_0/U0/acquireToDisplay_AXI_slave_lite_v1_0_S00_AXI_inst/oscilloscope_inst/datapath_inst/scopeFace_inst/red_reg[0]/R (clocked by clk_out1_clk_wiz_0). Large setup violations at the end of those stages might be difficult to fix during the post-placement implementation flow and could be the result of non-optimal XDC constraints or non-optimal design architecture
Related violations: <none>

TIMING-16#12 Warning
Large setup violation  
There is a large setup violation of -5.482 ns between acquireToHDMIwithZynq_i/rst_ps7_0_50M/U0/ACTIVE_LOW_PR_OUT_DFF[0].FDRE_PER_N/C (clocked by clk_fpga_0) and acquireToHDMIwithZynq_i/acquireToDisplay_AXI_0/U0/acquireToDisplay_AXI_slave_lite_v1_0_S00_AXI_inst/oscilloscope_inst/datapath_inst/scopeFace_inst/red_reg[3]/R (clocked by clk_out1_clk_wiz_0). Large setup violations at the end of those stages might be difficult to fix during the post-placement implementation flow and could be the result of non-optimal XDC constraints or non-optimal design architecture
Related violations: <none>

TIMING-16#13 Warning
Large setup violation  
There is a large setup violation of -5.487 ns between acquireToHDMIwithZynq_i/rst_ps7_0_50M/U0/ACTIVE_LOW_PR_OUT_DFF[0].FDRE_PER_N/C (clocked by clk_fpga_0) and acquireToHDMIwithZynq_i/acquireToDisplay_AXI_0/U0/acquireToDisplay_AXI_slave_lite_v1_0_S00_AXI_inst/oscilloscope_inst/datapath_inst/videoSigGen_inst/pixelVert_reg[3]/R (clocked by clk_out1_clk_wiz_0). Large setup violations at the end of those stages might be difficult to fix during the post-placement implementation flow and could be the result of non-optimal XDC constraints or non-optimal design architecture
Related violations: <none>

TIMING-16#14 Warning
Large setup violation  
There is a large setup violation of -5.487 ns between acquireToHDMIwithZynq_i/rst_ps7_0_50M/U0/ACTIVE_LOW_PR_OUT_DFF[0].FDRE_PER_N/C (clocked by clk_fpga_0) and acquireToHDMIwithZynq_i/acquireToDisplay_AXI_0/U0/acquireToDisplay_AXI_slave_lite_v1_0_S00_AXI_inst/oscilloscope_inst/datapath_inst/videoSigGen_inst/pixelVert_reg[4]/R (clocked by clk_out1_clk_wiz_0). Large setup violations at the end of those stages might be difficult to fix during the post-placement implementation flow and could be the result of non-optimal XDC constraints or non-optimal design architecture
Related violations: <none>

TIMING-16#15 Warning
Large setup violation  
There is a large setup violation of -5.487 ns between acquireToHDMIwithZynq_i/rst_ps7_0_50M/U0/ACTIVE_LOW_PR_OUT_DFF[0].FDRE_PER_N/C (clocked by clk_fpga_0) and acquireToHDMIwithZynq_i/acquireToDisplay_AXI_0/U0/acquireToDisplay_AXI_slave_lite_v1_0_S00_AXI_inst/oscilloscope_inst/datapath_inst/videoSigGen_inst/pixelVert_reg[5]/R (clocked by clk_out1_clk_wiz_0). Large setup violations at the end of those stages might be difficult to fix during the post-placement implementation flow and could be the result of non-optimal XDC constraints or non-optimal design architecture
Related violations: <none>

TIMING-16#16 Warning
Large setup violation  
There is a large setup violation of -5.488 ns between acquireToHDMIwithZynq_i/rst_ps7_0_50M/U0/ACTIVE_LOW_PR_OUT_DFF[0].FDRE_PER_N/C (clocked by clk_fpga_0) and acquireToHDMIwithZynq_i/acquireToDisplay_AXI_0/U0/acquireToDisplay_AXI_slave_lite_v1_0_S00_AXI_inst/oscilloscope_inst/datapath_inst/videoSigGen_inst/pixelVert_reg[1]/R (clocked by clk_out1_clk_wiz_0). Large setup violations at the end of those stages might be difficult to fix during the post-placement implementation flow and could be the result of non-optimal XDC constraints or non-optimal design architecture
Related violations: <none>

TIMING-16#17 Warning
Large setup violation  
There is a large setup violation of -5.531 ns between acquireToHDMIwithZynq_i/rst_ps7_0_50M/U0/ACTIVE_LOW_PR_OUT_DFF[0].FDRE_PER_N/C (clocked by clk_fpga_0) and acquireToHDMIwithZynq_i/acquireToDisplay_AXI_0/U0/acquireToDisplay_AXI_slave_lite_v1_0_S00_AXI_inst/oscilloscope_inst/datapath_inst/videoSigGen_inst/pixelHorz_reg[10]/R (clocked by clk_out1_clk_wiz_0). Large setup violations at the end of those stages might be difficult to fix during the post-placement implementation flow and could be the result of non-optimal XDC constraints or non-optimal design architecture
Related violations: <none>

TIMING-16#18 Warning
Large setup violation  
There is a large setup violation of -5.531 ns between acquireToHDMIwithZynq_i/rst_ps7_0_50M/U0/ACTIVE_LOW_PR_OUT_DFF[0].FDRE_PER_N/C (clocked by clk_fpga_0) and acquireToHDMIwithZynq_i/acquireToDisplay_AXI_0/U0/acquireToDisplay_AXI_slave_lite_v1_0_S00_AXI_inst/oscilloscope_inst/datapath_inst/videoSigGen_inst/pixelHorz_reg[8]/R (clocked by clk_out1_clk_wiz_0). Large setup violations at the end of those stages might be difficult to fix during the post-placement implementation flow and could be the result of non-optimal XDC constraints or non-optimal design architecture
Related violations: <none>

TIMING-16#19 Warning
Large setup violation  
There is a large setup violation of -5.531 ns between acquireToHDMIwithZynq_i/rst_ps7_0_50M/U0/ACTIVE_LOW_PR_OUT_DFF[0].FDRE_PER_N/C (clocked by clk_fpga_0) and acquireToHDMIwithZynq_i/acquireToDisplay_AXI_0/U0/acquireToDisplay_AXI_slave_lite_v1_0_S00_AXI_inst/oscilloscope_inst/datapath_inst/videoSigGen_inst/pixelHorz_reg[9]/R (clocked by clk_out1_clk_wiz_0). Large setup violations at the end of those stages might be difficult to fix during the post-placement implementation flow and could be the result of non-optimal XDC constraints or non-optimal design architecture
Related violations: <none>

TIMING-16#20 Warning
Large setup violation  
There is a large setup violation of -5.534 ns between acquireToHDMIwithZynq_i/rst_ps7_0_50M/U0/ACTIVE_LOW_PR_OUT_DFF[0].FDRE_PER_N/C (clocked by clk_fpga_0) and acquireToHDMIwithZynq_i/acquireToDisplay_AXI_0/U0/acquireToDisplay_AXI_slave_lite_v1_0_S00_AXI_inst/oscilloscope_inst/datapath_inst/videoSigGen_inst/pixelVert_reg[10]/R (clocked by clk_out1_clk_wiz_0). Large setup violations at the end of those stages might be difficult to fix during the post-placement implementation flow and could be the result of non-optimal XDC constraints or non-optimal design architecture
Related violations: <none>

TIMING-16#21 Warning
Large setup violation  
There is a large setup violation of -5.534 ns between acquireToHDMIwithZynq_i/rst_ps7_0_50M/U0/ACTIVE_LOW_PR_OUT_DFF[0].FDRE_PER_N/C (clocked by clk_fpga_0) and acquireToHDMIwithZynq_i/acquireToDisplay_AXI_0/U0/acquireToDisplay_AXI_slave_lite_v1_0_S00_AXI_inst/oscilloscope_inst/datapath_inst/videoSigGen_inst/pixelVert_reg[7]/R (clocked by clk_out1_clk_wiz_0). Large setup violations at the end of those stages might be difficult to fix during the post-placement implementation flow and could be the result of non-optimal XDC constraints or non-optimal design architecture
Related violations: <none>

TIMING-16#22 Warning
Large setup violation  
There is a large setup violation of -5.629 ns between acquireToHDMIwithZynq_i/rst_ps7_0_50M/U0/ACTIVE_LOW_PR_OUT_DFF[0].FDRE_PER_N/C (clocked by clk_fpga_0) and acquireToHDMIwithZynq_i/acquireToDisplay_AXI_0/U0/acquireToDisplay_AXI_slave_lite_v1_0_S00_AXI_inst/oscilloscope_inst/datapath_inst/videoSigGen_inst/pixelVert_reg[0]/R (clocked by clk_out1_clk_wiz_0). Large setup violations at the end of those stages might be difficult to fix during the post-placement implementation flow and could be the result of non-optimal XDC constraints or non-optimal design architecture
Related violations: <none>

TIMING-16#23 Warning
Large setup violation  
There is a large setup violation of -5.629 ns between acquireToHDMIwithZynq_i/rst_ps7_0_50M/U0/ACTIVE_LOW_PR_OUT_DFF[0].FDRE_PER_N/C (clocked by clk_fpga_0) and acquireToHDMIwithZynq_i/acquireToDisplay_AXI_0/U0/acquireToDisplay_AXI_slave_lite_v1_0_S00_AXI_inst/oscilloscope_inst/datapath_inst/videoSigGen_inst/pixelVert_reg[2]/R (clocked by clk_out1_clk_wiz_0). Large setup violations at the end of those stages might be difficult to fix during the post-placement implementation flow and could be the result of non-optimal XDC constraints or non-optimal design architecture
Related violations: <none>

TIMING-16#24 Warning
Large setup violation  
There is a large setup violation of -5.629 ns between acquireToHDMIwithZynq_i/rst_ps7_0_50M/U0/ACTIVE_LOW_PR_OUT_DFF[0].FDRE_PER_N/C (clocked by clk_fpga_0) and acquireToHDMIwithZynq_i/acquireToDisplay_AXI_0/U0/acquireToDisplay_AXI_slave_lite_v1_0_S00_AXI_inst/oscilloscope_inst/datapath_inst/videoSigGen_inst/pixelVert_reg[6]/R (clocked by clk_out1_clk_wiz_0). Large setup violations at the end of those stages might be difficult to fix during the post-placement implementation flow and could be the result of non-optimal XDC constraints or non-optimal design architecture
Related violations: <none>

TIMING-16#25 Warning
Large setup violation  
There is a large setup violation of -5.629 ns between acquireToHDMIwithZynq_i/rst_ps7_0_50M/U0/ACTIVE_LOW_PR_OUT_DFF[0].FDRE_PER_N/C (clocked by clk_fpga_0) and acquireToHDMIwithZynq_i/acquireToDisplay_AXI_0/U0/acquireToDisplay_AXI_slave_lite_v1_0_S00_AXI_inst/oscilloscope_inst/datapath_inst/videoSigGen_inst/pixelVert_reg[8]/R (clocked by clk_out1_clk_wiz_0). Large setup violations at the end of those stages might be difficult to fix during the post-placement implementation flow and could be the result of non-optimal XDC constraints or non-optimal design architecture
Related violations: <none>

TIMING-16#26 Warning
Large setup violation  
There is a large setup violation of -5.683 ns between acquireToHDMIwithZynq_i/rst_ps7_0_50M/U0/ACTIVE_LOW_PR_OUT_DFF[0].FDRE_PER_N/C (clocked by clk_fpga_0) and acquireToHDMIwithZynq_i/acquireToDisplay_AXI_0/U0/acquireToDisplay_AXI_slave_lite_v1_0_S00_AXI_inst/oscilloscope_inst/datapath_inst/videoSigGen_inst/vs_reg/S (clocked by clk_out1_clk_wiz_0). Large setup violations at the end of those stages might be difficult to fix during the post-placement implementation flow and could be the result of non-optimal XDC constraints or non-optimal design architecture
Related violations: <none>

TIMING-16#27 Warning
Large setup violation  
There is a large setup violation of -5.700 ns between acquireToHDMIwithZynq_i/rst_ps7_0_50M/U0/ACTIVE_LOW_PR_OUT_DFF[0].FDRE_PER_N/C (clocked by clk_fpga_0) and acquireToHDMIwithZynq_i/acquireToDisplay_AXI_0/U0/acquireToDisplay_AXI_slave_lite_v1_0_S00_AXI_inst/oscilloscope_inst/datapath_inst/videoSigGen_inst/v_cnt_reg[10]/R (clocked by clk_out1_clk_wiz_0). Large setup violations at the end of those stages might be difficult to fix during the post-placement implementation flow and could be the result of non-optimal XDC constraints or non-optimal design architecture
Related violations: <none>

TIMING-16#28 Warning
Large setup violation  
There is a large setup violation of -5.700 ns between acquireToHDMIwithZynq_i/rst_ps7_0_50M/U0/ACTIVE_LOW_PR_OUT_DFF[0].FDRE_PER_N/C (clocked by clk_fpga_0) and acquireToHDMIwithZynq_i/acquireToDisplay_AXI_0/U0/acquireToDisplay_AXI_slave_lite_v1_0_S00_AXI_inst/oscilloscope_inst/datapath_inst/videoSigGen_inst/v_cnt_reg[5]/R (clocked by clk_out1_clk_wiz_0). Large setup violations at the end of those stages might be difficult to fix during the post-placement implementation flow and could be the result of non-optimal XDC constraints or non-optimal design architecture
Related violations: <none>

TIMING-16#29 Warning
Large setup violation  
There is a large setup violation of -5.700 ns between acquireToHDMIwithZynq_i/rst_ps7_0_50M/U0/ACTIVE_LOW_PR_OUT_DFF[0].FDRE_PER_N/C (clocked by clk_fpga_0) and acquireToHDMIwithZynq_i/acquireToDisplay_AXI_0/U0/acquireToDisplay_AXI_slave_lite_v1_0_S00_AXI_inst/oscilloscope_inst/datapath_inst/videoSigGen_inst/v_cnt_reg[9]/R (clocked by clk_out1_clk_wiz_0). Large setup violations at the end of those stages might be difficult to fix during the post-placement implementation flow and could be the result of non-optimal XDC constraints or non-optimal design architecture
Related violations: <none>

TIMING-16#30 Warning
Large setup violation  
There is a large setup violation of -5.764 ns between acquireToHDMIwithZynq_i/rst_ps7_0_50M/U0/ACTIVE_LOW_PR_OUT_DFF[0].FDRE_PER_N/C (clocked by clk_fpga_0) and acquireToHDMIwithZynq_i/acquireToDisplay_AXI_0/U0/acquireToDisplay_AXI_slave_lite_v1_0_S00_AXI_inst/oscilloscope_inst/datapath_inst/videoSigGen_inst/v_cnt_reg[0]/R (clocked by clk_out1_clk_wiz_0). Large setup violations at the end of those stages might be difficult to fix during the post-placement implementation flow and could be the result of non-optimal XDC constraints or non-optimal design architecture
Related violations: <none>

TIMING-16#31 Warning
Large setup violation  
There is a large setup violation of -5.764 ns between acquireToHDMIwithZynq_i/rst_ps7_0_50M/U0/ACTIVE_LOW_PR_OUT_DFF[0].FDRE_PER_N/C (clocked by clk_fpga_0) and acquireToHDMIwithZynq_i/acquireToDisplay_AXI_0/U0/acquireToDisplay_AXI_slave_lite_v1_0_S00_AXI_inst/oscilloscope_inst/datapath_inst/videoSigGen_inst/v_cnt_reg[1]/R (clocked by clk_out1_clk_wiz_0). Large setup violations at the end of those stages might be difficult to fix during the post-placement implementation flow and could be the result of non-optimal XDC constraints or non-optimal design architecture
Related violations: <none>

TIMING-16#32 Warning
Large setup violation  
There is a large setup violation of -5.764 ns between acquireToHDMIwithZynq_i/rst_ps7_0_50M/U0/ACTIVE_LOW_PR_OUT_DFF[0].FDRE_PER_N/C (clocked by clk_fpga_0) and acquireToHDMIwithZynq_i/acquireToDisplay_AXI_0/U0/acquireToDisplay_AXI_slave_lite_v1_0_S00_AXI_inst/oscilloscope_inst/datapath_inst/videoSigGen_inst/v_cnt_reg[2]/R (clocked by clk_out1_clk_wiz_0). Large setup violations at the end of those stages might be difficult to fix during the post-placement implementation flow and could be the result of non-optimal XDC constraints or non-optimal design architecture
Related violations: <none>

TIMING-16#33 Warning
Large setup violation  
There is a large setup violation of -5.764 ns between acquireToHDMIwithZynq_i/rst_ps7_0_50M/U0/ACTIVE_LOW_PR_OUT_DFF[0].FDRE_PER_N/C (clocked by clk_fpga_0) and acquireToHDMIwithZynq_i/acquireToDisplay_AXI_0/U0/acquireToDisplay_AXI_slave_lite_v1_0_S00_AXI_inst/oscilloscope_inst/datapath_inst/videoSigGen_inst/v_cnt_reg[6]/R (clocked by clk_out1_clk_wiz_0). Large setup violations at the end of those stages might be difficult to fix during the post-placement implementation flow and could be the result of non-optimal XDC constraints or non-optimal design architecture
Related violations: <none>

TIMING-16#34 Warning
Large setup violation  
There is a large setup violation of -5.764 ns between acquireToHDMIwithZynq_i/rst_ps7_0_50M/U0/ACTIVE_LOW_PR_OUT_DFF[0].FDRE_PER_N/C (clocked by clk_fpga_0) and acquireToHDMIwithZynq_i/acquireToDisplay_AXI_0/U0/acquireToDisplay_AXI_slave_lite_v1_0_S00_AXI_inst/oscilloscope_inst/datapath_inst/videoSigGen_inst/v_cnt_reg[7]/R (clocked by clk_out1_clk_wiz_0). Large setup violations at the end of those stages might be difficult to fix during the post-placement implementation flow and could be the result of non-optimal XDC constraints or non-optimal design architecture
Related violations: <none>

TIMING-16#35 Warning
Large setup violation  
There is a large setup violation of -5.764 ns between acquireToHDMIwithZynq_i/rst_ps7_0_50M/U0/ACTIVE_LOW_PR_OUT_DFF[0].FDRE_PER_N/C (clocked by clk_fpga_0) and acquireToHDMIwithZynq_i/acquireToDisplay_AXI_0/U0/acquireToDisplay_AXI_slave_lite_v1_0_S00_AXI_inst/oscilloscope_inst/datapath_inst/videoSigGen_inst/v_cnt_reg[8]/R (clocked by clk_out1_clk_wiz_0). Large setup violations at the end of those stages might be difficult to fix during the post-placement implementation flow and could be the result of non-optimal XDC constraints or non-optimal design architecture
Related violations: <none>

TIMING-16#36 Warning
Large setup violation  
There is a large setup violation of -5.803 ns between acquireToHDMIwithZynq_i/rst_ps7_0_50M/U0/ACTIVE_LOW_PR_OUT_DFF[0].FDRE_PER_N/C (clocked by clk_fpga_0) and acquireToHDMIwithZynq_i/acquireToDisplay_AXI_0/U0/acquireToDisplay_AXI_slave_lite_v1_0_S00_AXI_inst/oscilloscope_inst/datapath_inst/videoSigGen_inst/pixelHorz_reg[1]/R (clocked by clk_out1_clk_wiz_0). Large setup violations at the end of those stages might be difficult to fix during the post-placement implementation flow and could be the result of non-optimal XDC constraints or non-optimal design architecture
Related violations: <none>

TIMING-16#37 Warning
Large setup violation  
There is a large setup violation of -5.803 ns between acquireToHDMIwithZynq_i/rst_ps7_0_50M/U0/ACTIVE_LOW_PR_OUT_DFF[0].FDRE_PER_N/C (clocked by clk_fpga_0) and acquireToHDMIwithZynq_i/acquireToDisplay_AXI_0/U0/acquireToDisplay_AXI_slave_lite_v1_0_S00_AXI_inst/oscilloscope_inst/datapath_inst/videoSigGen_inst/pixelHorz_reg[2]/R (clocked by clk_out1_clk_wiz_0). Large setup violations at the end of those stages might be difficult to fix during the post-placement implementation flow and could be the result of non-optimal XDC constraints or non-optimal design architecture
Related violations: <none>

TIMING-16#38 Warning
Large setup violation  
There is a large setup violation of -5.803 ns between acquireToHDMIwithZynq_i/rst_ps7_0_50M/U0/ACTIVE_LOW_PR_OUT_DFF[0].FDRE_PER_N/C (clocked by clk_fpga_0) and acquireToHDMIwithZynq_i/acquireToDisplay_AXI_0/U0/acquireToDisplay_AXI_slave_lite_v1_0_S00_AXI_inst/oscilloscope_inst/datapath_inst/videoSigGen_inst/pixelHorz_reg[5]/R (clocked by clk_out1_clk_wiz_0). Large setup violations at the end of those stages might be difficult to fix during the post-placement implementation flow and could be the result of non-optimal XDC constraints or non-optimal design architecture
Related violations: <none>

TIMING-16#39 Warning
Large setup violation  
There is a large setup violation of -5.803 ns between acquireToHDMIwithZynq_i/rst_ps7_0_50M/U0/ACTIVE_LOW_PR_OUT_DFF[0].FDRE_PER_N/C (clocked by clk_fpga_0) and acquireToHDMIwithZynq_i/acquireToDisplay_AXI_0/U0/acquireToDisplay_AXI_slave_lite_v1_0_S00_AXI_inst/oscilloscope_inst/datapath_inst/videoSigGen_inst/pixelHorz_reg[6]/R (clocked by clk_out1_clk_wiz_0). Large setup violations at the end of those stages might be difficult to fix during the post-placement implementation flow and could be the result of non-optimal XDC constraints or non-optimal design architecture
Related violations: <none>

TIMING-16#40 Warning
Large setup violation  
There is a large setup violation of -5.809 ns between acquireToHDMIwithZynq_i/rst_ps7_0_50M/U0/ACTIVE_LOW_PR_OUT_DFF[0].FDRE_PER_N/C (clocked by clk_fpga_0) and acquireToHDMIwithZynq_i/acquireToDisplay_AXI_0/U0/acquireToDisplay_AXI_slave_lite_v1_0_S00_AXI_inst/oscilloscope_inst/datapath_inst/videoSigGen_inst/v_cnt_reg[3]/R (clocked by clk_out1_clk_wiz_0). Large setup violations at the end of those stages might be difficult to fix during the post-placement implementation flow and could be the result of non-optimal XDC constraints or non-optimal design architecture
Related violations: <none>

TIMING-16#41 Warning
Large setup violation  
There is a large setup violation of -5.809 ns between acquireToHDMIwithZynq_i/rst_ps7_0_50M/U0/ACTIVE_LOW_PR_OUT_DFF[0].FDRE_PER_N/C (clocked by clk_fpga_0) and acquireToHDMIwithZynq_i/acquireToDisplay_AXI_0/U0/acquireToDisplay_AXI_slave_lite_v1_0_S00_AXI_inst/oscilloscope_inst/datapath_inst/videoSigGen_inst/v_cnt_reg[4]/R (clocked by clk_out1_clk_wiz_0). Large setup violations at the end of those stages might be difficult to fix during the post-placement implementation flow and could be the result of non-optimal XDC constraints or non-optimal design architecture
Related violations: <none>

TIMING-16#42 Warning
Large setup violation  
There is a large setup violation of -5.821 ns between acquireToHDMIwithZynq_i/rst_ps7_0_50M/U0/ACTIVE_LOW_PR_OUT_DFF[0].FDRE_PER_N/C (clocked by clk_fpga_0) and acquireToHDMIwithZynq_i/acquireToDisplay_AXI_0/U0/acquireToDisplay_AXI_slave_lite_v1_0_S00_AXI_inst/oscilloscope_inst/datapath_inst/videoSigGen_inst/de_reg/R (clocked by clk_out1_clk_wiz_0). Large setup violations at the end of those stages might be difficult to fix during the post-placement implementation flow and could be the result of non-optimal XDC constraints or non-optimal design architecture
Related violations: <none>

TIMING-16#43 Warning
Large setup violation  
There is a large setup violation of -5.821 ns between acquireToHDMIwithZynq_i/rst_ps7_0_50M/U0/ACTIVE_LOW_PR_OUT_DFF[0].FDRE_PER_N/C (clocked by clk_fpga_0) and acquireToHDMIwithZynq_i/acquireToDisplay_AXI_0/U0/acquireToDisplay_AXI_slave_lite_v1_0_S00_AXI_inst/oscilloscope_inst/datapath_inst/videoSigGen_inst/v_activeArea_reg/R (clocked by clk_out1_clk_wiz_0). Large setup violations at the end of those stages might be difficult to fix during the post-placement implementation flow and could be the result of non-optimal XDC constraints or non-optimal design architecture
Related violations: <none>

TIMING-16#44 Warning
Large setup violation  
There is a large setup violation of -5.824 ns between acquireToHDMIwithZynq_i/rst_ps7_0_50M/U0/ACTIVE_LOW_PR_OUT_DFF[0].FDRE_PER_N/C (clocked by clk_fpga_0) and acquireToHDMIwithZynq_i/acquireToDisplay_AXI_0/U0/acquireToDisplay_AXI_slave_lite_v1_0_S00_AXI_inst/oscilloscope_inst/datapath_inst/scopeFace_inst/blue_reg[0]/R (clocked by clk_out1_clk_wiz_0). Large setup violations at the end of those stages might be difficult to fix during the post-placement implementation flow and could be the result of non-optimal XDC constraints or non-optimal design architecture
Related violations: <none>

TIMING-16#45 Warning
Large setup violation  
There is a large setup violation of -5.824 ns between acquireToHDMIwithZynq_i/rst_ps7_0_50M/U0/ACTIVE_LOW_PR_OUT_DFF[0].FDRE_PER_N/C (clocked by clk_fpga_0) and acquireToHDMIwithZynq_i/acquireToDisplay_AXI_0/U0/acquireToDisplay_AXI_slave_lite_v1_0_S00_AXI_inst/oscilloscope_inst/datapath_inst/scopeFace_inst/blue_reg[3]/R (clocked by clk_out1_clk_wiz_0). Large setup violations at the end of those stages might be difficult to fix during the post-placement implementation flow and could be the result of non-optimal XDC constraints or non-optimal design architecture
Related violations: <none>

TIMING-16#46 Warning
Large setup violation  
There is a large setup violation of -5.825 ns between acquireToHDMIwithZynq_i/rst_ps7_0_50M/U0/ACTIVE_LOW_PR_OUT_DFF[0].FDRE_PER_N/C (clocked by clk_fpga_0) and acquireToHDMIwithZynq_i/acquireToDisplay_AXI_0/U0/acquireToDisplay_AXI_slave_lite_v1_0_S00_AXI_inst/oscilloscope_inst/datapath_inst/videoSigGen_inst/h_activeArea_reg/R (clocked by clk_out1_clk_wiz_0). Large setup violations at the end of those stages might be difficult to fix during the post-placement implementation flow and could be the result of non-optimal XDC constraints or non-optimal design architecture
Related violations: <none>

TIMING-16#47 Warning
Large setup violation  
There is a large setup violation of -5.872 ns between acquireToHDMIwithZynq_i/rst_ps7_0_50M/U0/ACTIVE_LOW_PR_OUT_DFF[0].FDRE_PER_N/C (clocked by clk_fpga_0) and acquireToHDMIwithZynq_i/acquireToDisplay_AXI_0/U0/acquireToDisplay_AXI_slave_lite_v1_0_S00_AXI_inst/oscilloscope_inst/datapath_inst/videoSigGen_inst/pixelHorz_reg[3]/R (clocked by clk_out1_clk_wiz_0). Large setup violations at the end of those stages might be difficult to fix during the post-placement implementation flow and could be the result of non-optimal XDC constraints or non-optimal design architecture
Related violations: <none>

TIMING-16#48 Warning
Large setup violation  
There is a large setup violation of -5.872 ns between acquireToHDMIwithZynq_i/rst_ps7_0_50M/U0/ACTIVE_LOW_PR_OUT_DFF[0].FDRE_PER_N/C (clocked by clk_fpga_0) and acquireToHDMIwithZynq_i/acquireToDisplay_AXI_0/U0/acquireToDisplay_AXI_slave_lite_v1_0_S00_AXI_inst/oscilloscope_inst/datapath_inst/videoSigGen_inst/pixelHorz_reg[4]/R (clocked by clk_out1_clk_wiz_0). Large setup violations at the end of those stages might be difficult to fix during the post-placement implementation flow and could be the result of non-optimal XDC constraints or non-optimal design architecture
Related violations: <none>

TIMING-16#49 Warning
Large setup violation  
There is a large setup violation of -5.916 ns between acquireToHDMIwithZynq_i/rst_ps7_0_50M/U0/ACTIVE_LOW_PR_OUT_DFF[0].FDRE_PER_N/C (clocked by clk_fpga_0) and acquireToHDMIwithZynq_i/acquireToDisplay_AXI_0/U0/acquireToDisplay_AXI_slave_lite_v1_0_S00_AXI_inst/oscilloscope_inst/datapath_inst/videoSigGen_inst/hs_reg/S (clocked by clk_out1_clk_wiz_0). Large setup violations at the end of those stages might be difficult to fix during the post-placement implementation flow and could be the result of non-optimal XDC constraints or non-optimal design architecture
Related violations: <none>

TIMING-16#50 Warning
Large setup violation  
There is a large setup violation of -6.017 ns between acquireToHDMIwithZynq_i/rst_ps7_0_50M/U0/ACTIVE_LOW_PR_OUT_DFF[0].FDRE_PER_N/C (clocked by clk_fpga_0) and acquireToHDMIwithZynq_i/acquireToDisplay_AXI_0/U0/acquireToDisplay_AXI_slave_lite_v1_0_S00_AXI_inst/oscilloscope_inst/datapath_inst/videoSigGen_inst/h_cnt_reg[10]/R (clocked by clk_out1_clk_wiz_0). Large setup violations at the end of those stages might be difficult to fix during the post-placement implementation flow and could be the result of non-optimal XDC constraints or non-optimal design architecture
Related violations: <none>

TIMING-16#51 Warning
Large setup violation  
There is a large setup violation of -6.017 ns between acquireToHDMIwithZynq_i/rst_ps7_0_50M/U0/ACTIVE_LOW_PR_OUT_DFF[0].FDRE_PER_N/C (clocked by clk_fpga_0) and acquireToHDMIwithZynq_i/acquireToDisplay_AXI_0/U0/acquireToDisplay_AXI_slave_lite_v1_0_S00_AXI_inst/oscilloscope_inst/datapath_inst/videoSigGen_inst/h_cnt_reg[6]/R (clocked by clk_out1_clk_wiz_0). Large setup violations at the end of those stages might be difficult to fix during the post-placement implementation flow and could be the result of non-optimal XDC constraints or non-optimal design architecture
Related violations: <none>

TIMING-16#52 Warning
Large setup violation  
There is a large setup violation of -6.017 ns between acquireToHDMIwithZynq_i/rst_ps7_0_50M/U0/ACTIVE_LOW_PR_OUT_DFF[0].FDRE_PER_N/C (clocked by clk_fpga_0) and acquireToHDMIwithZynq_i/acquireToDisplay_AXI_0/U0/acquireToDisplay_AXI_slave_lite_v1_0_S00_AXI_inst/oscilloscope_inst/datapath_inst/videoSigGen_inst/h_cnt_reg[7]/R (clocked by clk_out1_clk_wiz_0). Large setup violations at the end of those stages might be difficult to fix during the post-placement implementation flow and could be the result of non-optimal XDC constraints or non-optimal design architecture
Related violations: <none>

TIMING-16#53 Warning
Large setup violation  
There is a large setup violation of -6.017 ns between acquireToHDMIwithZynq_i/rst_ps7_0_50M/U0/ACTIVE_LOW_PR_OUT_DFF[0].FDRE_PER_N/C (clocked by clk_fpga_0) and acquireToHDMIwithZynq_i/acquireToDisplay_AXI_0/U0/acquireToDisplay_AXI_slave_lite_v1_0_S00_AXI_inst/oscilloscope_inst/datapath_inst/videoSigGen_inst/h_cnt_reg[8]/R (clocked by clk_out1_clk_wiz_0). Large setup violations at the end of those stages might be difficult to fix during the post-placement implementation flow and could be the result of non-optimal XDC constraints or non-optimal design architecture
Related violations: <none>

TIMING-16#54 Warning
Large setup violation  
There is a large setup violation of -6.017 ns between acquireToHDMIwithZynq_i/rst_ps7_0_50M/U0/ACTIVE_LOW_PR_OUT_DFF[0].FDRE_PER_N/C (clocked by clk_fpga_0) and acquireToHDMIwithZynq_i/acquireToDisplay_AXI_0/U0/acquireToDisplay_AXI_slave_lite_v1_0_S00_AXI_inst/oscilloscope_inst/datapath_inst/videoSigGen_inst/h_cnt_reg[9]/R (clocked by clk_out1_clk_wiz_0). Large setup violations at the end of those stages might be difficult to fix during the post-placement implementation flow and could be the result of non-optimal XDC constraints or non-optimal design architecture
Related violations: <none>

TIMING-16#55 Warning
Large setup violation  
There is a large setup violation of -6.183 ns between acquireToHDMIwithZynq_i/rst_ps7_0_50M/U0/ACTIVE_LOW_PR_OUT_DFF[0].FDRE_PER_N/C (clocked by clk_fpga_0) and acquireToHDMIwithZynq_i/acquireToDisplay_AXI_0/U0/acquireToDisplay_AXI_slave_lite_v1_0_S00_AXI_inst/oscilloscope_inst/datapath_inst/videoSigGen_inst/h_cnt_reg[0]/R (clocked by clk_out1_clk_wiz_0). Large setup violations at the end of those stages might be difficult to fix during the post-placement implementation flow and could be the result of non-optimal XDC constraints or non-optimal design architecture
Related violations: <none>

TIMING-16#56 Warning
Large setup violation  
There is a large setup violation of -6.183 ns between acquireToHDMIwithZynq_i/rst_ps7_0_50M/U0/ACTIVE_LOW_PR_OUT_DFF[0].FDRE_PER_N/C (clocked by clk_fpga_0) and acquireToHDMIwithZynq_i/acquireToDisplay_AXI_0/U0/acquireToDisplay_AXI_slave_lite_v1_0_S00_AXI_inst/oscilloscope_inst/datapath_inst/videoSigGen_inst/h_cnt_reg[3]/R (clocked by clk_out1_clk_wiz_0). Large setup violations at the end of those stages might be difficult to fix during the post-placement implementation flow and could be the result of non-optimal XDC constraints or non-optimal design architecture
Related violations: <none>

TIMING-16#57 Warning
Large setup violation  
There is a large setup violation of -6.183 ns between acquireToHDMIwithZynq_i/rst_ps7_0_50M/U0/ACTIVE_LOW_PR_OUT_DFF[0].FDRE_PER_N/C (clocked by clk_fpga_0) and acquireToHDMIwithZynq_i/acquireToDisplay_AXI_0/U0/acquireToDisplay_AXI_slave_lite_v1_0_S00_AXI_inst/oscilloscope_inst/datapath_inst/videoSigGen_inst/h_cnt_reg[4]/R (clocked by clk_out1_clk_wiz_0). Large setup violations at the end of those stages might be difficult to fix during the post-placement implementation flow and could be the result of non-optimal XDC constraints or non-optimal design architecture
Related violations: <none>

TIMING-16#58 Warning
Large setup violation  
There is a large setup violation of -6.183 ns between acquireToHDMIwithZynq_i/rst_ps7_0_50M/U0/ACTIVE_LOW_PR_OUT_DFF[0].FDRE_PER_N/C (clocked by clk_fpga_0) and acquireToHDMIwithZynq_i/acquireToDisplay_AXI_0/U0/acquireToDisplay_AXI_slave_lite_v1_0_S00_AXI_inst/oscilloscope_inst/datapath_inst/videoSigGen_inst/h_cnt_reg[5]/R (clocked by clk_out1_clk_wiz_0). Large setup violations at the end of those stages might be difficult to fix during the post-placement implementation flow and could be the result of non-optimal XDC constraints or non-optimal design architecture
Related violations: <none>

TIMING-16#59 Warning
Large setup violation  
There is a large setup violation of -6.185 ns between acquireToHDMIwithZynq_i/rst_ps7_0_50M/U0/ACTIVE_LOW_PR_OUT_DFF[0].FDRE_PER_N/C (clocked by clk_fpga_0) and acquireToHDMIwithZynq_i/acquireToDisplay_AXI_0/U0/acquireToDisplay_AXI_slave_lite_v1_0_S00_AXI_inst/oscilloscope_inst/datapath_inst/videoSigGen_inst/h_cnt_reg[2]/R (clocked by clk_out1_clk_wiz_0). Large setup violations at the end of those stages might be difficult to fix during the post-placement implementation flow and could be the result of non-optimal XDC constraints or non-optimal design architecture
Related violations: <none>

TIMING-16#60 Warning
Large setup violation  
There is a large setup violation of -6.369 ns between acquireToHDMIwithZynq_i/rst_ps7_0_50M/U0/ACTIVE_LOW_PR_OUT_DFF[0].FDRE_PER_N/C (clocked by clk_fpga_0) and acquireToHDMIwithZynq_i/acquireToDisplay_AXI_0/U0/acquireToDisplay_AXI_slave_lite_v1_0_S00_AXI_inst/oscilloscope_inst/datapath_inst/videoSigGen_inst/h_cnt_reg[1]/R (clocked by clk_out1_clk_wiz_0). Large setup violations at the end of those stages might be difficult to fix during the post-placement implementation flow and could be the result of non-optimal XDC constraints or non-optimal design architecture
Related violations: <none>

TIMING-16#61 Warning
Large setup violation  
There is a large setup violation of -6.837 ns between acquireToHDMIwithZynq_i/rst_ps7_0_50M/U0/ACTIVE_LOW_PR_OUT_DFF[0].FDRE_PER_N/C (clocked by clk_fpga_0) and acquireToHDMIwithZynq_i/acquireToDisplay_AXI_0/U0/acquireToDisplay_AXI_slave_lite_v1_0_S00_AXI_inst/oscilloscope_inst/datapath_inst/hdmi0_inst/inst/serial_b/oserdes_s/RST (clocked by clk_out1_clk_wiz_0). Large setup violations at the end of those stages might be difficult to fix during the post-placement implementation flow and could be the result of non-optimal XDC constraints or non-optimal design architecture
Related violations: <none>

TIMING-16#62 Warning
Large setup violation  
There is a large setup violation of -6.942 ns between acquireToHDMIwithZynq_i/rst_ps7_0_50M/U0/ACTIVE_LOW_PR_OUT_DFF[0].FDRE_PER_N/C (clocked by clk_fpga_0) and acquireToHDMIwithZynq_i/acquireToDisplay_AXI_0/U0/acquireToDisplay_AXI_slave_lite_v1_0_S00_AXI_inst/oscilloscope_inst/datapath_inst/hdmi0_inst/inst/serial_clk/oserdes_s/RST (clocked by clk_out1_clk_wiz_0). Large setup violations at the end of those stages might be difficult to fix during the post-placement implementation flow and could be the result of non-optimal XDC constraints or non-optimal design architecture
Related violations: <none>

TIMING-16#63 Warning
Large setup violation  
There is a large setup violation of -6.975 ns between acquireToHDMIwithZynq_i/rst_ps7_0_50M/U0/ACTIVE_LOW_PR_OUT_DFF[0].FDRE_PER_N/C (clocked by clk_fpga_0) and acquireToHDMIwithZynq_i/acquireToDisplay_AXI_0/U0/acquireToDisplay_AXI_slave_lite_v1_0_S00_AXI_inst/oscilloscope_inst/datapath_inst/hdmi0_inst/inst/serial_b/oserdes_m/RST (clocked by clk_out1_clk_wiz_0). Large setup violations at the end of those stages might be difficult to fix during the post-placement implementation flow and could be the result of non-optimal XDC constraints or non-optimal design architecture
Related violations: <none>

TIMING-16#64 Warning
Large setup violation  
There is a large setup violation of -6.980 ns between acquireToHDMIwithZynq_i/rst_ps7_0_50M/U0/ACTIVE_LOW_PR_OUT_DFF[0].FDRE_PER_N/C (clocked by clk_fpga_0) and acquireToHDMIwithZynq_i/acquireToDisplay_AXI_0/U0/acquireToDisplay_AXI_slave_lite_v1_0_S00_AXI_inst/oscilloscope_inst/datapath_inst/hdmi0_inst/inst/serial_g/oserdes_s/RST (clocked by clk_out1_clk_wiz_0). Large setup violations at the end of those stages might be difficult to fix during the post-placement implementation flow and could be the result of non-optimal XDC constraints or non-optimal design architecture
Related violations: <none>

TIMING-16#65 Warning
Large setup violation  
There is a large setup violation of -7.000 ns between acquireToHDMIwithZynq_i/rst_ps7_0_50M/U0/ACTIVE_LOW_PR_OUT_DFF[0].FDRE_PER_N/C (clocked by clk_fpga_0) and acquireToHDMIwithZynq_i/acquireToDisplay_AXI_0/U0/acquireToDisplay_AXI_slave_lite_v1_0_S00_AXI_inst/oscilloscope_inst/datapath_inst/hdmi0_inst/inst/serial_clk/oserdes_m/RST (clocked by clk_out1_clk_wiz_0). Large setup violations at the end of those stages might be difficult to fix during the post-placement implementation flow and could be the result of non-optimal XDC constraints or non-optimal design architecture
Related violations: <none>

TIMING-16#66 Warning
Large setup violation  
There is a large setup violation of -7.007 ns between acquireToHDMIwithZynq_i/rst_ps7_0_50M/U0/ACTIVE_LOW_PR_OUT_DFF[0].FDRE_PER_N/C (clocked by clk_fpga_0) and acquireToHDMIwithZynq_i/acquireToDisplay_AXI_0/U0/acquireToDisplay_AXI_slave_lite_v1_0_S00_AXI_inst/oscilloscope_inst/datapath_inst/hdmi0_inst/inst/serial_r/oserdes_s/RST (clocked by clk_out1_clk_wiz_0). Large setup violations at the end of those stages might be difficult to fix during the post-placement implementation flow and could be the result of non-optimal XDC constraints or non-optimal design architecture
Related violations: <none>

TIMING-16#67 Warning
Large setup violation  
There is a large setup violation of -7.041 ns between acquireToHDMIwithZynq_i/rst_ps7_0_50M/U0/ACTIVE_LOW_PR_OUT_DFF[0].FDRE_PER_N/C (clocked by clk_fpga_0) and acquireToHDMIwithZynq_i/acquireToDisplay_AXI_0/U0/acquireToDisplay_AXI_slave_lite_v1_0_S00_AXI_inst/oscilloscope_inst/datapath_inst/hdmi0_inst/inst/serial_g/oserdes_m/RST (clocked by clk_out1_clk_wiz_0). Large setup violations at the end of those stages might be difficult to fix during the post-placement implementation flow and could be the result of non-optimal XDC constraints or non-optimal design architecture
Related violations: <none>

TIMING-16#68 Warning
Large setup violation  
There is a large setup violation of -7.050 ns between acquireToHDMIwithZynq_i/rst_ps7_0_50M/U0/ACTIVE_LOW_PR_OUT_DFF[0].FDRE_PER_N/C (clocked by clk_fpga_0) and acquireToHDMIwithZynq_i/acquireToDisplay_AXI_0/U0/acquireToDisplay_AXI_slave_lite_v1_0_S00_AXI_inst/oscilloscope_inst/datapath_inst/hdmi0_inst/inst/serial_r/oserdes_m/RST (clocked by clk_out1_clk_wiz_0). Large setup violations at the end of those stages might be difficult to fix during the post-placement implementation flow and could be the result of non-optimal XDC constraints or non-optimal design architecture
Related violations: <none>

TIMING-18#1 Warning
Missing input or output delay  
An input delay is missing on an7606busy_ext_0 relative to the rising and/or falling clock edge(s) of clk_fpga_0.
Related violations: <none>

TIMING-18#2 Warning
Missing input or output delay  
An input delay is missing on an7606data_ext_0[0] relative to the rising and/or falling clock edge(s) of clk_fpga_0.
Related violations: <none>

TIMING-18#3 Warning
Missing input or output delay  
An input delay is missing on an7606data_ext_0[10] relative to the rising and/or falling clock edge(s) of clk_fpga_0.
Related violations: <none>

TIMING-18#4 Warning
Missing input or output delay  
An input delay is missing on an7606data_ext_0[11] relative to the rising and/or falling clock edge(s) of clk_fpga_0.
Related violations: <none>

TIMING-18#5 Warning
Missing input or output delay  
An input delay is missing on an7606data_ext_0[12] relative to the rising and/or falling clock edge(s) of clk_fpga_0.
Related violations: <none>

TIMING-18#6 Warning
Missing input or output delay  
An input delay is missing on an7606data_ext_0[13] relative to the rising and/or falling clock edge(s) of clk_fpga_0.
Related violations: <none>

TIMING-18#7 Warning
Missing input or output delay  
An input delay is missing on an7606data_ext_0[14] relative to the rising and/or falling clock edge(s) of clk_fpga_0.
Related violations: <none>

TIMING-18#8 Warning
Missing input or output delay  
An input delay is missing on an7606data_ext_0[15] relative to the rising and/or falling clock edge(s) of clk_fpga_0.
Related violations: <none>

TIMING-18#9 Warning
Missing input or output delay  
An input delay is missing on an7606data_ext_0[1] relative to the rising and/or falling clock edge(s) of clk_fpga_0.
Related violations: <none>

TIMING-18#10 Warning
Missing input or output delay  
An input delay is missing on an7606data_ext_0[2] relative to the rising and/or falling clock edge(s) of clk_fpga_0.
Related violations: <none>

TIMING-18#11 Warning
Missing input or output delay  
An input delay is missing on an7606data_ext_0[3] relative to the rising and/or falling clock edge(s) of clk_fpga_0.
Related violations: <none>

TIMING-18#12 Warning
Missing input or output delay  
An input delay is missing on an7606data_ext_0[4] relative to the rising and/or falling clock edge(s) of clk_fpga_0.
Related violations: <none>

TIMING-18#13 Warning
Missing input or output delay  
An input delay is missing on an7606data_ext_0[5] relative to the rising and/or falling clock edge(s) of clk_fpga_0.
Related violations: <none>

TIMING-18#14 Warning
Missing input or output delay  
An input delay is missing on an7606data_ext_0[6] relative to the rising and/or falling clock edge(s) of clk_fpga_0.
Related violations: <none>

TIMING-18#15 Warning
Missing input or output delay  
An input delay is missing on an7606data_ext_0[7] relative to the rising and/or falling clock edge(s) of clk_fpga_0.
Related violations: <none>

TIMING-18#16 Warning
Missing input or output delay  
An input delay is missing on an7606data_ext_0[8] relative to the rising and/or falling clock edge(s) of clk_fpga_0.
Related violations: <none>

TIMING-18#17 Warning
Missing input or output delay  
An input delay is missing on an7606data_ext_0[9] relative to the rising and/or falling clock edge(s) of clk_fpga_0.
Related violations: <none>

TIMING-18#18 Warning
Missing input or output delay  
An input delay is missing on enb_ext_0 relative to the rising and/or falling clock edge(s) of clk_fpga_0.
Related violations: <none>

TIMING-18#19 Warning
Missing input or output delay  
An input delay is missing on enb_ext_1 relative to the rising and/or falling clock edge(s) of clk_fpga_0.
Related violations: <none>

TIMING-18#20 Warning
Missing input or output delay  
An output delay is missing on an7606conv_ext_0 relative to the rising and/or falling clock edge(s) of clk_fpga_0.
Related violations: <none>

TIMING-18#21 Warning
Missing input or output delay  
An output delay is missing on an7606cs_ext_0 relative to the rising and/or falling clock edge(s) of clk_fpga_0.
Related violations: <none>

TIMING-18#22 Warning
Missing input or output delay  
An output delay is missing on an7606rd_ext_0 relative to the rising and/or falling clock edge(s) of clk_fpga_0.
Related violations: <none>

TIMING-18#23 Warning
Missing input or output delay  
An output delay is missing on an7606reset_ext_0 relative to the rising and/or falling clock edge(s) of clk_fpga_0.
Related violations: <none>

TIMING-18#24 Warning
Missing input or output delay  
An output delay is missing on pwmSignal_ext_0 relative to the rising and/or falling clock edge(s) of clk_fpga_0.
Related violations: <none>

TIMING-18#25 Warning
Missing input or output delay  
An output delay is missing on pwmSignal_ext_1 relative to the rising and/or falling clock edge(s) of clk_fpga_0.
Related violations: <none>


