INFO: [VRFC 10-2263] Analyzing Verilog file "C:/EENG 484/lab2VGAtoHDMIgetworky/lab2VGAtoHDMIgetworky.gen/sources_1/ip/clk_wiz_0/clk_wiz_0_clk_wiz.v" into library xil_defaultlib
INFO: [VRFC 10-311] analyzing module clk_wiz_0_clk_wiz
INFO: [VRFC 10-2263] Analyzing Verilog file "C:/EENG 484/lab2VGAtoHDMIgetworky/lab2VGAtoHDMIgetworky.gen/sources_1/ip/clk_wiz_0/clk_wiz_0.v" into library xil_defaultlib
INFO: [VRFC 10-311] analyzing module clk_wiz_0
INFO: [VRFC 10-2263] Analyzing Verilog file "C:/EENG 484/lab2VGAtoHDMIgetworky/lab2VGAtoHDMIgetworky.gen/sources_1/ip/hdmi_tx_0/hdl/encode.v" into library xil_defaultlib
INFO: [VRFC 10-311] analyzing module encode
INFO: [VRFC 10-2263] Analyzing Verilog file "C:/EENG 484/lab2VGAtoHDMIgetworky/lab2VGAtoHDMIgetworky.gen/sources_1/ip/hdmi_tx_0/hdl/serdes_10_to_1.v" into library xil_defaultlib
INFO: [VRFC 10-311] analyzing module serdes_10_to_1
INFO: [VRFC 10-2263] Analyzing Verilog file "C:/EENG 484/lab2VGAtoHDMIgetworky/lab2VGAtoHDMIgetworky.gen/sources_1/ip/hdmi_tx_0/hdl/srldelay.v" into library xil_defaultlib
INFO: [VRFC 10-311] analyzing module srldelay
INFO: [VRFC 10-2263] Analyzing Verilog file "C:/EENG 484/lab2VGAtoHDMIgetworky/lab2VGAtoHDMIgetworky.gen/sources_1/ip/hdmi_tx_0/hdl/hdmi_tx_v1_0.v" into library xil_defaultlib
INFO: [VRFC 10-311] analyzing module hdmi_tx_v1_0
INFO: [VRFC 10-2263] Analyzing Verilog file "C:/EENG 484/lab2VGAtoHDMIgetworky/lab2VGAtoHDMIgetworky.gen/sources_1/ip/hdmi_tx_0/sim/hdmi_tx_0.v" into library xil_defaultlib
INFO: [VRFC 10-311] analyzing module hdmi_tx_0
INFO: [VRFC 10-2263] Analyzing Verilog file "C:/EENG 484/lab2VGAtoHDMIgetworky/lab2VGAtoHDMIgetworky.sim/sim_1/behav/xsim/glbl.v" into library xil_defaultlib
INFO: [VRFC 10-311] analyzing module glbl
INFO: [VRFC 10-163] Analyzing VHDL file "C:/EENG 484/Libraries/scopeToHdmi_package.vhd" into library xil_defaultlib
INFO: [VRFC 10-163] Analyzing VHDL file "C:/EENG 484/lab2VGAtoHDMIgetworky/scopeToHDMI/scopeFace.vhd" into library xil_defaultlib
INFO: [VRFC 10-3107] analyzing entity 'scopeFace'
INFO: [VRFC 10-163] Analyzing VHDL file "C:/EENG 484/lab2VGAtoHDMIgetworky/scopeToHDMI/scopeToHdmi.vhdl" into library xil_defaultlib
INFO: [VRFC 10-3107] analyzing entity 'scopeToHdmi'
INFO: [VRFC 10-163] Analyzing VHDL file "C:/EENG 484/lab2VGAtoHDMIgetworky/scopeToHDMI/videoSignalGenerator.vhdl" into library xil_defaultlib
INFO: [VRFC 10-3107] analyzing entity 'videoSignalGenerator'
INFO: [VRFC 10-163] Analyzing VHDL file "C:/EENG 484/lab2VGAtoHDMIgetworky/scopeToHDMI/scopeToHdmi_tb.vhd" into library xil_defaultlib
INFO: [VRFC 10-3107] analyzing entity 'scopeToHdmi_tb'
