#-----------------------------------------------------------
# Vivado v2025.1 (64-bit)
# SW Build 6140274 on Thu May 22 00:12:29 MDT 2025
# IP Build 6138677 on Thu May 22 03:10:11 MDT 2025
# SharedData Build 6139179 on Tue May 20 17:58:58 MDT 2025
# Start of session at: Sun Dec  7 14:14:39 2025
# Process ID         : 9508
# Current directory  : C:/EENG 484/lab6acquireToHDMIwithZynq/lab6acquireToHDMIwithZynq.runs/acquireToHDMIwithZynq_processing_system7_0_0_synth_1
# Command line       : vivado.exe -log acquireToHDMIwithZynq_processing_system7_0_0.vds -product Vivado -mode batch -messageDb vivado.pb -notrace -source acquireToHDMIwithZynq_processing_system7_0_0.tcl
# Log file           : C:/EENG 484/lab6acquireToHDMIwithZynq/lab6acquireToHDMIwithZynq.runs/acquireToHDMIwithZynq_processing_system7_0_0_synth_1/acquireToHDMIwithZynq_processing_system7_0_0.vds
# Journal file       : C:/EENG 484/lab6acquireToHDMIwithZynq/lab6acquireToHDMIwithZynq.runs/acquireToHDMIwithZynq_processing_system7_0_0_synth_1\vivado.jou
# Running On         : DESKTOP-BLLF4DN
# Platform           : Windows Server 2016 or Windows 10
# Operating System   : 26100
# Processor Detail   : AMD Ryzen 5 5500U with Radeon Graphics         
# CPU Frequency      : 2096 MHz
# CPU Physical cores : 6
# CPU Logical cores  : 12
# Host memory        : 16458 MB
# Swap memory        : 12348 MB
# Total Virtual      : 28806 MB
# Available Virtual  : 12321 MB
#-----------------------------------------------------------
source acquireToHDMIwithZynq_processing_system7_0_0.tcl -notrace
